Archive member included to satisfy reference by file (symbol)

/usr/local/arm-gnu-toolchain-14.3.rel1-darwin-arm64-arm-none-eabi/bin/../lib/gcc/arm-none-eabi/14.3.1/../../../../arm-none-eabi/lib/thumb/v7e-m+fp/hard/libc.a(libc_a-putchar.o)
                              Firmware/build/Firmware/Core/Src/syscalls.o (putchar)
/usr/local/arm-gnu-toolchain-14.3.rel1-darwin-arm64-arm-none-eabi/bin/../lib/gcc/arm-none-eabi/14.3.1/../../../../arm-none-eabi/lib/thumb/v7e-m+fp/hard/libc.a(libc_a-snprintf.o)
                              Firmware/build/Firmware/Core/Src/main.o (snprintf)
/usr/local/arm-gnu-toolchain-14.3.rel1-darwin-arm64-arm-none-eabi/bin/../lib/gcc/arm-none-eabi/14.3.1/../../../../arm-none-eabi/lib/thumb/v7e-m+fp/hard/libc.a(libc_a-impure.o)
                              /usr/local/arm-gnu-toolchain-14.3.rel1-darwin-arm64-arm-none-eabi/bin/../lib/gcc/arm-none-eabi/14.3.1/../../../../arm-none-eabi/lib/thumb/v7e-m+fp/hard/libc.a(libc_a-putchar.o) (_impure_ptr)
/usr/local/arm-gnu-toolchain-14.3.rel1-darwin-arm64-arm-none-eabi/bin/../lib/gcc/arm-none-eabi/14.3.1/../../../../arm-none-eabi/lib/thumb/v7e-m+fp/hard/libc.a(libc_a-errno.o)
                              Firmware/build/Firmware/Core/Src/syscalls.o (__errno)
/usr/local/arm-gnu-toolchain-14.3.rel1-darwin-arm64-arm-none-eabi/bin/../lib/gcc/arm-none-eabi/14.3.1/../../../../arm-none-eabi/lib/thumb/v7e-m+fp/hard/libc.a(libc_a-init.o)
                              Firmware/build/Firmware/Drivers/CMSIS/Device/ST/STM32F4xx/Source/Templates/gcc/startup_stm32f407xx.o (__libc_init_array)
/usr/local/arm-gnu-toolchain-14.3.rel1-darwin-arm64-arm-none-eabi/bin/../lib/gcc/arm-none-eabi/14.3.1/../../../../arm-none-eabi/lib/thumb/v7e-m+fp/hard/libc.a(libc_a-svfprintf.o)
                              /usr/local/arm-gnu-toolchain-14.3.rel1-darwin-arm64-arm-none-eabi/bin/../lib/gcc/arm-none-eabi/14.3.1/../../../../arm-none-eabi/lib/thumb/v7e-m+fp/hard/libc.a(libc_a-snprintf.o) (_svfprintf_r)
/usr/local/arm-gnu-toolchain-14.3.rel1-darwin-arm64-arm-none-eabi/bin/../lib/gcc/arm-none-eabi/14.3.1/../../../../arm-none-eabi/lib/thumb/v7e-m+fp/hard/libc.a(libc_a-putc.o)
                              /usr/local/arm-gnu-toolchain-14.3.rel1-darwin-arm64-arm-none-eabi/bin/../lib/gcc/arm-none-eabi/14.3.1/../../../../arm-none-eabi/lib/thumb/v7e-m+fp/hard/libc.a(libc_a-putchar.o) (_putc_r)
/usr/local/arm-gnu-toolchain-14.3.rel1-darwin-arm64-arm-none-eabi/bin/../lib/gcc/arm-none-eabi/14.3.1/../../../../arm-none-eabi/lib/thumb/v7e-m+fp/hard/libc.a(libc_a-ssprint_r.o)
                              /usr/local/arm-gnu-toolchain-14.3.rel1-darwin-arm64-arm-none-eabi/bin/../lib/gcc/arm-none-eabi/14.3.1/../../../../arm-none-eabi/lib/thumb/v7e-m+fp/hard/libc.a(libc_a-svfprintf.o) (__ssprint_r)
/usr/local/arm-gnu-toolchain-14.3.rel1-darwin-arm64-arm-none-eabi/bin/../lib/gcc/arm-none-eabi/14.3.1/../../../../arm-none-eabi/lib/thumb/v7e-m+fp/hard/libc.a(libc_a-findfp.o)
                              /usr/local/arm-gnu-toolchain-14.3.rel1-darwin-arm64-arm-none-eabi/bin/../lib/gcc/arm-none-eabi/14.3.1/../../../../arm-none-eabi/lib/thumb/v7e-m+fp/hard/libc.a(libc_a-impure.o) (__sf)
/usr/local/arm-gnu-toolchain-14.3.rel1-darwin-arm64-arm-none-eabi/bin/../lib/gcc/arm-none-eabi/14.3.1/../../../../arm-none-eabi/lib/thumb/v7e-m+fp/hard/libc.a(libc_a-wbuf.o)
                              /usr/local/arm-gnu-toolchain-14.3.rel1-darwin-arm64-arm-none-eabi/bin/../lib/gcc/arm-none-eabi/14.3.1/../../../../arm-none-eabi/lib/thumb/v7e-m+fp/hard/libc.a(libc_a-putc.o) (__swbuf_r)
/usr/local/arm-gnu-toolchain-14.3.rel1-darwin-arm64-arm-none-eabi/bin/../lib/gcc/arm-none-eabi/14.3.1/../../../../arm-none-eabi/lib/thumb/v7e-m+fp/hard/libc.a(libc_a-wsetup.o)
                              /usr/local/arm-gnu-toolchain-14.3.rel1-darwin-arm64-arm-none-eabi/bin/../lib/gcc/arm-none-eabi/14.3.1/../../../../arm-none-eabi/lib/thumb/v7e-m+fp/hard/libc.a(libc_a-wbuf.o) (__swsetup_r)
/usr/local/arm-gnu-toolchain-14.3.rel1-darwin-arm64-arm-none-eabi/bin/../lib/gcc/arm-none-eabi/14.3.1/../../../../arm-none-eabi/lib/thumb/v7e-m+fp/hard/libc.a(libc_a-memset.o)
                              /usr/local/arm-gnu-toolchain-14.3.rel1-darwin-arm64-arm-none-eabi/bin/../lib/gcc/arm-none-eabi/14.3.1/../../../../arm-none-eabi/lib/thumb/v7e-m+fp/hard/libc.a(libc_a-svfprintf.o) (memset)
/usr/local/arm-gnu-toolchain-14.3.rel1-darwin-arm64-arm-none-eabi/bin/../lib/gcc/arm-none-eabi/14.3.1/../../../../arm-none-eabi/lib/thumb/v7e-m+fp/hard/libc.a(libc_a-strncpy.o)
                              /usr/local/arm-gnu-toolchain-14.3.rel1-darwin-arm64-arm-none-eabi/bin/../lib/gcc/arm-none-eabi/14.3.1/../../../../arm-none-eabi/lib/thumb/v7e-m+fp/hard/libc.a(libc_a-svfprintf.o) (strncpy)
/usr/local/arm-gnu-toolchain-14.3.rel1-darwin-arm64-arm-none-eabi/bin/../lib/gcc/arm-none-eabi/14.3.1/../../../../arm-none-eabi/lib/thumb/v7e-m+fp/hard/libc.a(libc_a-locale.o)
[...]
Memory Configuration

Name             Origin             Length             Attributes
CCMRAM           0x10000000         0x00010000         xrw
RAM              0x20000000         0x00020000         xrw
FLASH            0x08000000         0x00100000         xr
*default*        0x00000000         0xffffffff

Linker script and memory map

LOAD Firmware/build/Firmware/Core/Src/main.o
LOAD Firmware/build/Firmware/Core/Src/gpio.o
LOAD Firmware/build/Firmware/Core/Src/usart.o
LOAD Firmware/build/Firmware/Core/Src/pins.o
LOAD Firmware/build/Firmware/Core/Src/syscalls.o
LOAD Firmware/build/Firmware/Core/Src/utils.o
LOAD Firmware/build/Firmware/Core/Src/tim.o
LOAD Firmware/build/Firmware/Core/Src/hcsr04.o
LOAD Firmware/build/Firmware/Drivers/CMSIS/Device/ST/STM32F4xx/Source/Templates/system_stm32f4xx.o
LOAD Firmware/build/Firmware/Drivers/CMSIS/Device/ST/STM32F4xx/Source/Templates/gcc/startup_stm32f407xx.o
START GROUP
LOAD /usr/local/arm-gnu-toolchain-14.3.rel1-darwin-arm64-arm-none-eabi/bin/../lib/gcc/arm-none-eabi/14.3.1/thumb/v7e-m+fp/hard/libgcc.a
LOAD /usr/local/arm-gnu-toolchain-14.3.rel1-darwin-arm64-arm-none-eabi/bin/../lib/gcc/arm-none-eabi/14.3.1/../../../../arm-none-eabi/lib/thumb/v7e-m+fp/hard/libc.a
END GROUP
                0x20020000                        _estack = (ORIGIN (RAM) + LENGTH (RAM))
                0x00000200                        _Min_Heap_Size = 0x200
                0x00000400                        _Min_Stack_Size = 0x400

.isr_vector     0x08000000      0x188
                0x08000000                        . = ALIGN (0x4)
 *(.isr_vector)
 .isr_vector    0x08000000      0x188 Firmware/build/Firmware/Drivers/CMSIS/Device/ST/STM32F4xx/Source/Templates/gcc/startup_stm32f407xx.o
                0x08000000                g_pfnVectors
                0x08000188                        . = ALIGN (0x4)

.text           0x080001c0     0x81d0
                0x080001c0                        . = ALIGN (0x4)
 *(.text)
 .text          0x080001c0       0xa0 /usr/local/arm-gnu-toolchain-14.3.rel1-darwin-arm64-arm-none-eabi/bin/../lib/gcc/arm-none-eabi/14.3.1/../../../../arm-none-eabi/lib/thumb/v7e-m+fp/hard/libc.a(libc_a-memchr.o)
                0x080001c0                memchr
 *fill*         0x08000260       0x20 
 .text          0x08000280       0xd8 /usr/local/arm-gnu-toolchain-14.3.rel1-darwin-arm64-arm-none-eabi/bin/../lib/gcc/arm-none-eabi/14.3.1/../../../../arm-none-eabi/lib/thumb/v7e-m+fp/hard/libc.a(libc_a-strlen.o)
                0x08000280                strlen
 .text          0x08000358      0x134 /usr/local/arm-gnu-toolchain-14.3.rel1-darwin-arm64-arm-none-eabi/bin/../lib/gcc/arm-none-eabi/14.3.1/../../../../arm-none-eabi/lib/thumb/v7e-m+fp/hard/libc.a(libc_a-memcpy.o)
                0x08000358                memcpy
 .text          0x0800048c      0x378 /usr/local/arm-gnu-toolchain-14.3.rel1-darwin-arm64-arm-none-eabi/bin/../lib/gcc/arm-none-eabi/14.3.1/thumb/v7e-m+fp/hard/libgcc.a(_arm_addsubdf3.o)
                0x0800048c                __aeabi_drsub
                0x08000494                __subdf3
                0x08000494                __aeabi_dsub
                0x08000498                __aeabi_dadd
                0x08000498                __adddf3
                0x08000710                __aeabi_ui2d
                0x08000710                __floatunsidf
                0x08000730                __floatsidf
                0x08000730                __aeabi_i2d
                0x08000754                __extendsfdf2
                0x08000754                __aeabi_f2d
                0x08000798                __aeabi_ul2d
                0x08000798                __floatundidf
                0x080007a8                __aeabi_l2d
                0x080007a8                __floatdidf
 .text          0x08000804      0x424 /usr/local/arm-gnu-toolchain-14.3.rel1-darwin-arm64-arm-none-eabi/bin/../lib/gcc/arm-none-eabi/14.3.1/thumb/v7e-m+fp/hard/libgcc.a(_arm_muldivdf3.o)
                0x08000804                __aeabi_dmul
                0x08000804                __muldf3
                0x08000a58                __aeabi_ddiv
                0x08000a58                __divdf3
 .text          0x08000c28      0x110 /usr/local/arm-gnu-toolchain-14.3.rel1-darwin-arm64-arm-none-eabi/bin/../lib/gcc/arm-none-eabi/14.3.1/thumb/v7e-m+fp/hard/libgcc.a(_arm_cmpdf2.o)
                0x08000c28                __gedf2
                0x08000c28                __gtdf2
                0x08000c30                __ledf2
                0x08000c30                __ltdf2
                0x08000c38                __cmpdf2
                0x08000c38                __eqdf2
                0x08000c38                __nedf2
                0x08000cb4                __aeabi_cdrcmple
                0x08000cc4                __aeabi_cdcmple
                0x08000cc4                __aeabi_cdcmpeq
                0x08000cd4                __aeabi_dcmpeq
                0x08000ce8                __aeabi_dcmplt
                0x08000cfc                __aeabi_dcmple
                0x08000d10                __aeabi_dcmpge
                0x08000d24                __aeabi_dcmpgt
 .text          0x08000d38       0x2c /usr/local/arm-gnu-toolchain-14.3.rel1-darwin-arm64-arm-none-eabi/bin/../lib/gcc/arm-none-eabi/14.3.1/thumb/v7e-m+fp/hard/libgcc.a(_arm_unorddf2.o)
                0x08000d38                __aeabi_dcmpun
                0x08000d38                __unorddf2
 .text          0x08000d64       0x50 /usr/local/arm-gnu-toolchain-14.3.rel1-darwin-arm64-arm-none-eabi/bin/../lib/gcc/arm-none-eabi/14.3.1/thumb/v7e-m+fp/hard/libgcc.a(_arm_fixdfsi.o)
                0x08000d64                __fixdfsi
                0x08000d64                __aeabi_d2iz
 *(.text*)
 .text.enableTIM
                0x08000db4       0x70 Firmware/build/Firmware/Core/Src/main.o
                0x08000db4                enableTIM
 .text.configServoControlSignal
                0x08000e24       0x98 Firmware/build/Firmware/Core/Src/main.o
                0x08000e24                configServoControlSignal
 .text.TIM4_IRQHandler
                0x08000ebc       0x30 Firmware/build/Firmware/Core/Src/main.o
                0x08000ebc                TIM4_IRQHandler
 .text.setup_sensor_timer
                0x08000eec       0x44 Firmware/build/Firmware/Core/Src/main.o
                0x08000eec                setup_sensor_timer
 .text.SystemClock_Config
                0x08000f30       0x84 Firmware/build/Firmware/Core/Src/main.o
                0x08000f30                SystemClock_Config
 .text.startup.main
                0x08000fb4      0x128 Firmware/build/Firmware/Core/Src/main.o
                0x08000fb4                main
 .text.GPIO_Write
                0x080010dc       0x26 Firmware/build/Firmware/Core/Src/gpio.o
                0x080010dc                GPIO_Write
 *fill*         0x08001102        0x2 
 .text.GPIO_EnablePortA
                0x08001104       0x10 Firmware/build/Firmware/Core/Src/gpio.o
                0x08001104                GPIO_EnablePortA
 .text.GPIO_EnablePortB
                0x08001114       0x10 Firmware/build/Firmware/Core/Src/gpio.o
                0x08001114                GPIO_EnablePortB
 .text.GPIO_EnablePortD
                0x08001124       0x10 Firmware/build/Firmware/Core/Src/gpio.o
                0x08001124                GPIO_EnablePortD
 .text.GPIO_EnablePortE
                0x08001134       0x10 Firmware/build/Firmware/Core/Src/gpio.o
                0x08001134                GPIO_EnablePortE
 .text.GPIO_Init
                0x08001144       0x58 Firmware/build/Firmware/Core/Src/gpio.o
                0x08001144                GPIO_Init
 .text.USART_Init
                0x0800119c       0x94 Firmware/build/Firmware/Core/Src/usart.o
                0x0800119c                USART_Init
 .text.USART3_IRQHandler
                0x08001230       0x90 Firmware/build/Firmware/Core/Src/usart.o
                0x08001230                USART3_IRQHandler
 .text.usart_putchar
                0x080012c0       0x40 Firmware/build/Firmware/Core/Src/usart.o
                0x080012c0                usart_putchar
 .text.usart_puts
                0x08001300       0x20 Firmware/build/Firmware/Core/Src/usart.o
                0x08001300                usart_puts
 .text._init    0x08001320        0x2 Firmware/build/Firmware/Core/Src/syscalls.o
                0x08001320                _init
 .text._fini    0x08001322        0x2 Firmware/build/Firmware/Core/Src/syscalls.o
                0x08001322                _fini
 .text._sbrk    0x08001324       0x1c Firmware/build/Firmware/Core/Src/syscalls.o
                0x08001324                _sbrk
 .text._write   0x08001340       0x1a Firmware/build/Firmware/Core/Src/syscalls.o
                0x08001340                _write
 .text._close   0x0800135a        0x6 Firmware/build/Firmware/Core/Src/syscalls.o
                0x0800135a                _close
 .text._fstat   0x08001360        0xa Firmware/build/Firmware/Core/Src/syscalls.o
                0x08001360                _fstat
 .text._isatty  0x0800136a        0x4 Firmware/build/Firmware/Core/Src/syscalls.o
                0x0800136a                _isatty
 .text._lseek   0x0800136e        0x4 Firmware/build/Firmware/Core/Src/syscalls.o
                0x0800136e                _lseek
 .text._read    0x08001372        0x4 Firmware/build/Firmware/Core/Src/syscalls.o
                0x08001372                _read
 .text._exit    0x08001376        0x4 Firmware/build/Firmware/Core/Src/syscalls.o
                0x08001376                _exit
 .text._kill    0x0800137a       0x10 Firmware/build/Firmware/Core/Src/syscalls.o
                0x0800137a                _kill
 .text._getpid  0x0800138a        0x4 Firmware/build/Firmware/Core/Src/syscalls.o
                0x0800138a                _getpid
 *fill*         0x0800138e        0x2 
 .text.delay_us
                0x08001390       0x2c Firmware/build/Firmware/Core/Src/utils.o
                0x08001390                delay_us
 .text.delay_ms
                0x080013bc       0x14 Firmware/build/Firmware/Core/Src/utils.o
                0x080013bc                delay_ms
 .text.TIM_Init
                0x080013d0       0x60 Firmware/build/Firmware/Core/Src/tim.o
                0x080013d0                TIM_Init
 .text.TIM_Enable
                0x08001430       0x12 Firmware/build/Firmware/Core/Src/tim.o
                0x08001430                TIM_Enable
 .text.TIM_Set_Counter
                0x08001442        0x4 Firmware/build/Firmware/Core/Src/tim.o
                0x08001442                TIM_Set_Counter
 *fill*         0x08001446        0x2 
 .text.HCSR04_Read
                0x08001448      0x140 Firmware/build/Firmware/Core/Src/hcsr04.o
                0x08001448                HCSR04_Read
 .text.SystemInit
                0x08001588       0x14 Firmware/build/Firmware/Drivers/CMSIS/Device/ST/STM32F4xx/Source/Templates/system_stm32f4xx.o
                0x08001588                SystemInit
 .text.Reset_Handler
                0x0800159c       0x50 Firmware/build/Firmware/Drivers/CMSIS/Device/ST/STM32F4xx/Source/Templates/gcc/startup_stm32f407xx.o
                0x0800159c                Reset_Handler
 .text.Default_Handler
                0x080015ec        0x2 Firmware/build/Firmware/Drivers/CMSIS/Device/ST/STM32F4xx/Source/Templates/gcc/startup_stm32f407xx.o
                0x080015ec                DMA1_Stream3_IRQHandler
                0x080015ec                HASH_RNG_IRQHandler
                0x080015ec                EXTI2_IRQHandler
                0x080015ec                TIM8_CC_IRQHandler
                0x080015ec                DebugMon_Handler
                0x080015ec                TIM1_CC_IRQHandler
                0x080015ec                DMA2_Stream5_IRQHandler
                0x080015ec                HardFault_Handler
                0x080015ec                DMA1_Stream5_IRQHandler
                0x080015ec                SysTick_Handler
                0x080015ec                PVD_IRQHandler
                0x080015ec                SDIO_IRQHandler
                0x080015ec                TAMP_STAMP_IRQHandler
                0x080015ec                PendSV_Handler
                0x080015ec                NMI_Handler
                0x080015ec                CAN2_RX1_IRQHandler
                0x080015ec                EXTI3_IRQHandler
                0x080015ec                TIM8_TRG_COM_TIM14_IRQHandler
                0x080015ec                TIM1_UP_TIM10_IRQHandler
                0x080015ec                TIM8_UP_TIM13_IRQHandler
                0x080015ec                I2C3_ER_IRQHandler
                0x080015ec                EXTI0_IRQHandler
                0x080015ec                I2C2_EV_IRQHandler
                0x080015ec                DMA1_Stream2_IRQHandler
                0x080015ec                CAN1_RX0_IRQHandler
                0x080015ec                FPU_IRQHandler
                0x080015ec                OTG_HS_WKUP_IRQHandler
                0x080015ec                UsageFault_Handler
                0x080015ec                CAN2_SCE_IRQHandler
                0x080015ec                DMA2_Stream2_IRQHandler
                0x080015ec                SPI1_IRQHandler
                0x080015ec                TIM6_DAC_IRQHandler
                0x080015ec                TIM1_BRK_TIM9_IRQHandler
                0x080015ec                DCMI_IRQHandler
                0x080015ec                CAN2_RX0_IRQHandler
                0x080015ec                DMA2_Stream3_IRQHandler
                0x080015ec                USART6_IRQHandler
                0x080015ec                CAN1_RX1_IRQHandler
                0x080015ec                UART5_IRQHandler
                0x080015ec                DMA2_Stream0_IRQHandler
                0x080015ec                I2C1_EV_IRQHandler
                0x080015ec                DMA1_Stream6_IRQHandler
                0x080015ec                DMA1_Stream1_IRQHandler
                0x080015ec                UART4_IRQHandler
                0x080015ec                TIM3_IRQHandler
                0x080015ec                RCC_IRQHandler
                0x080015ec                TIM8_BRK_TIM12_IRQHandler
                0x080015ec                Default_Handler
                0x080015ec                EXTI15_10_IRQHandler
                0x080015ec                ADC_IRQHandler
                0x080015ec                DMA1_Stream7_IRQHandler
                0x080015ec                TIM7_IRQHandler
                0x080015ec                CAN2_TX_IRQHandler
                0x080015ec                TIM5_IRQHandler
                0x080015ec                DMA2_Stream7_IRQHandler
                0x080015ec                I2C3_EV_IRQHandler
                0x080015ec                EXTI9_5_IRQHandler
                0x080015ec                RTC_WKUP_IRQHandler
                0x080015ec                ETH_WKUP_IRQHandler
                0x080015ec                SPI2_IRQHandler
                0x080015ec                OTG_HS_EP1_IN_IRQHandler
                0x080015ec                MemManage_Handler
                0x080015ec                DMA1_Stream0_IRQHandler
                0x080015ec                CAN1_TX_IRQHandler
                0x080015ec                SVC_Handler
                0x080015ec                EXTI4_IRQHandler
                0x080015ec                FSMC_IRQHandler
                0x080015ec                ETH_IRQHandler
                0x080015ec                OTG_HS_EP1_OUT_IRQHandler
                0x080015ec                WWDG_IRQHandler
                0x080015ec                TIM2_IRQHandler
                0x080015ec                OTG_FS_WKUP_IRQHandler
                0x080015ec                TIM1_TRG_COM_TIM11_IRQHandler
                0x080015ec                OTG_HS_IRQHandler
                0x080015ec                EXTI1_IRQHandler
                0x080015ec                USART2_IRQHandler
                0x080015ec                I2C2_ER_IRQHandler
                0x080015ec                DMA2_Stream1_IRQHandler
                0x080015ec                CAN1_SCE_IRQHandler
                0x080015ec                FLASH_IRQHandler
                0x080015ec                DMA2_Stream4_IRQHandler
                0x080015ec                BusFault_Handler
                0x080015ec                USART1_IRQHandler
                0x080015ec                OTG_FS_IRQHandler
                0x080015ec                SPI3_IRQHandler
                0x080015ec                DMA1_Stream4_IRQHandler
                0x080015ec                I2C1_ER_IRQHandler
                0x080015ec                DMA2_Stream6_IRQHandler
                0x080015ec                RTC_Alarm_IRQHandler
 *fill*         0x080015ee        0x2 
 .text.putchar  0x080015f0       0x10 /usr/local/arm-gnu-toolchain-14.3.rel1-darwin-arm64-arm-none-eabi/bin/../lib/gcc/arm-none-eabi/14.3.1/../../../../arm-none-eabi/lib/thumb/v7e-m+fp/hard/libc.a(libc_a-putchar.o)
                0x080015f0                putchar
 .text.snprintf
                0x08001600       0x90 /usr/local/arm-gnu-toolchain-14.3.rel1-darwin-arm64-arm-none-eabi/bin/../lib/gcc/arm-none-eabi/14.3.1/../../../../arm-none-eabi/lib/thumb/v7e-m+fp/hard/libc.a(libc_a-snprintf.o)
                0x08001600                snprintf
 .text.__errno  0x08001690        0xc /usr/local/arm-gnu-toolchain-14.3.rel1-darwin-arm64-arm-none-eabi/bin/../lib/gcc/arm-none-eabi/14.3.1/../../../../arm-none-eabi/lib/thumb/v7e-m+fp/hard/libc.a(libc_a-errno.o)
                0x08001690                __errno
 .text.__libc_init_array
                0x0800169c       0x50 /usr/local/arm-gnu-toolchain-14.3.rel1-darwin-arm64-arm-none-eabi/bin/../lib/gcc/arm-none-eabi/14.3.1/../../../../arm-none-eabi/lib/thumb/v7e-m+fp/hard/libc.a(libc_a-init.o)
                0x0800169c                __libc_init_array
 *fill*         0x080016ec        0x4 
 .text._svfprintf_r
                0x080016f0     0x21f0 /usr/local/arm-gnu-toolchain-14.3.rel1-darwin-arm64-arm-none-eabi/bin/../lib/gcc/arm-none-eabi/14.3.1/../../../../arm-none-eabi/lib/thumb/v7e-m+fp/hard/libc.a(libc_a-svfprintf.o)
                0x080016f0                _svfprintf_r
 .text._putc_r  0x080038e0       0x78 /usr/local/arm-gnu-toolchain-14.3.rel1-darwin-arm64-arm-none-eabi/bin/../lib/gcc/arm-none-eabi/14.3.1/../../../../arm-none-eabi/lib/thumb/v7e-m+fp/hard/libc.a(libc_a-putc.o)
                0x080038e0                _putc_r
 .text.__ssprint_r
                0x08003958       0x58 /usr/local/arm-gnu-toolchain-14.3.rel1-darwin-arm64-arm-none-eabi/bin/../lib/gcc/arm-none-eabi/14.3.1/../../../../arm-none-eabi/lib/thumb/v7e-m+fp/hard/libc.a(libc_a-ssprint_r.o)
                0x08003958                __ssprint_r
 .text.stdio_exit_handler
                0x080039b0       0x18 /usr/local/arm-gnu-toolchain-14.3.rel1-darwin-arm64-arm-none-eabi/bin/../lib/gcc/arm-none-eabi/14.3.1/../../../../arm-none-eabi/lib/thumb/v7e-m+fp/hard/libc.a(libc_a-findfp.o)
 .text.cleanup_stdio
                0x080039c8       0x40 /usr/local/arm-gnu-toolchain-14.3.rel1-darwin-arm64-arm-none-eabi/bin/../lib/gcc/arm-none-eabi/14.3.1/../../../../arm-none-eabi/lib/thumb/v7e-m+fp/hard/libc.a(libc_a-findfp.o)
 .text.global_stdio_init.part.0
                0x08003a08       0xf0 /usr/local/arm-gnu-toolchain-14.3.rel1-darwin-arm64-arm-none-eabi/bin/../lib/gcc/arm-none-eabi/14.3.1/../../../../arm-none-eabi/lib/thumb/v7e-m+fp/hard/libc.a(libc_a-findfp.o)
 .text.__sinit  0x08003af8       0x3c /usr/local/arm-gnu-toolchain-14.3.rel1-darwin-arm64-arm-none-eabi/bin/../lib/gcc/arm-none-eabi/14.3.1/../../../../arm-none-eabi/lib/thumb/v7e-m+fp/hard/libc.a(libc_a-findfp.o)
                0x08003af8                __sinit
 .text.__sfp_lock_acquire
                0x08003b34        0xc /usr/local/arm-gnu-toolchain-14.3.rel1-darwin-arm64-arm-none-eabi/bin/../lib/gcc/arm-none-eabi/14.3.1/../../../../arm-none-eabi/lib/thumb/v7e-m+fp/hard/libc.a(libc_a-findfp.o)
                0x08003b34                __sfp_lock_acquire
 .text.__sfp_lock_release
                0x08003b40        0xc /usr/local/arm-gnu-toolchain-14.3.rel1-darwin-arm64-arm-none-eabi/bin/../lib/gcc/arm-none-eabi/14.3.1/../../../../arm-none-eabi/lib/thumb/v7e-m+fp/hard/libc.a(libc_a-findfp.o)
                0x08003b40                __sfp_lock_release
 .text.__swbuf_r
                0x08003b4c       0xac /usr/local/arm-gnu-toolchain-14.3.rel1-darwin-arm64-arm-none-eabi/bin/../lib/gcc/arm-none-eabi/14.3.1/../../../../arm-none-eabi/lib/thumb/v7e-m+fp/hard/libc.a(libc_a-wbuf.o)
                0x08003b4c                __swbuf_r
 .text.__swsetup_r
                0x08003bf8       0xfc /usr/local/arm-gnu-toolchain-14.3.rel1-darwin-arm64-arm-none-eabi/bin/../lib/gcc/arm-none-eabi/14.3.1/../../../../arm-none-eabi/lib/thumb/v7e-m+fp/hard/libc.a(libc_a-wsetup.o)
                0x08003bf8                __swsetup_r
 .text.memset   0x08003cf4       0x9c /usr/local/arm-gnu-toolchain-14.3.rel1-darwin-arm64-arm-none-eabi/bin/../lib/gcc/arm-none-eabi/14.3.1/../../../../arm-none-eabi/lib/thumb/v7e-m+fp/hard/libc.a(libc_a-memset.o)
                0x08003cf4                memset
 .text.strncpy  0x08003d90       0x68 /usr/local/arm-gnu-toolchain-14.3.rel1-darwin-arm64-arm-none-eabi/bin/../lib/gcc/arm-none-eabi/14.3.1/../../../../arm-none-eabi/lib/thumb/v7e-m+fp/hard/libc.a(libc_a-strncpy.o)
                0x08003d90                strncpy
 .text.__locale_mb_cur_max
                0x08003df8        0xc /usr/local/arm-gnu-toolchain-14.3.rel1-darwin-arm64-arm-none-eabi/bin/../lib/gcc/arm-none-eabi/14.3.1/../../../../arm-none-eabi/lib/thumb/v7e-m+fp/hard/libc.a(libc_a-locale.o)
                0x08003df8                __locale_mb_cur_max
 .text._localeconv_r
                0x08003e04        0x8 /usr/local/arm-gnu-toolchain-14.3.rel1-darwin-arm64-arm-none-eabi/bin/../lib/gcc/arm-none-eabi/14.3.1/../../../../arm-none-eabi/lib/thumb/v7e-m+fp/hard/libc.a(libc_a-localeconv.o)
                0x08003e04                _localeconv_r
 .text.__retarget_lock_init_recursive
                0x08003e0c        0x4 /usr/local/arm-gnu-toolchain-14.3.rel1-darwin-arm64-arm-none-eabi/bin/../lib/gcc/arm-none-eabi/14.3.1/../../../../arm-none-eabi/lib/thumb/v7e-m+fp/hard/libc.a(libc_a-lock.o)
                0x08003e0c                __retarget_lock_init_recursive
 .text.__retarget_lock_close_recursive
                0x08003e10        0x4 /usr/local/arm-gnu-toolchain-14.3.rel1-darwin-arm64-arm-none-eabi/bin/../lib/gcc/arm-none-eabi/14.3.1/../../../../arm-none-eabi/lib/thumb/v7e-m+fp/hard/libc.a(libc_a-lock.o)
                0x08003e10                __retarget_lock_close_recursive
 .text.__retarget_lock_acquire_recursive
                0x08003e14        0x4 /usr/local/arm-gnu-toolchain-14.3.rel1-darwin-arm64-arm-none-eabi/bin/../lib/gcc/arm-none-eabi/14.3.1/../../../../arm-none-eabi/lib/thumb/v7e-m+fp/hard/libc.a(libc_a-lock.o)
                0x08003e14                __retarget_lock_acquire_recursive
 .text.__retarget_lock_release_recursive
                0x08003e18        0x4 /usr/local/arm-gnu-toolchain-14.3.rel1-darwin-arm64-arm-none-eabi/bin/../lib/gcc/arm-none-eabi/14.3.1/../../../../arm-none-eabi/lib/thumb/v7e-m+fp/hard/libc.a(libc_a-lock.o)
                0x08003e18                __retarget_lock_release_recursive
 .text._wcrtomb_r
                0x08003e1c       0x4c /usr/local/arm-gnu-toolchain-14.3.rel1-darwin-arm64-arm-none-eabi/bin/../lib/gcc/arm-none-eabi/14.3.1/../../../../arm-none-eabi/lib/thumb/v7e-m+fp/hard/libc.a(libc_a-wcrtomb.o)
                0x08003e1c                _wcrtomb_r
 .text._wcsrtombs_r
                0x08003e68       0x18 /usr/local/arm-gnu-toolchain-14.3.rel1-darwin-arm64-arm-none-eabi/bin/../lib/gcc/arm-none-eabi/14.3.1/../../../../arm-none-eabi/lib/thumb/v7e-m+fp/hard/libc.a(libc_a-wcsrtombs.o)
                0x08003e68                _wcsrtombs_r
 .text.frexp    0x08003e80       0x64 /usr/local/arm-gnu-toolchain-14.3.rel1-darwin-arm64-arm-none-eabi/bin/../lib/gcc/arm-none-eabi/14.3.1/../../../../arm-none-eabi/lib/thumb/v7e-m+fp/hard/libc.a(libm_a-s_frexp.o)
                0x08003e80                frexp
 .text.quorem   0x08003ee4      0x12c /usr/local/arm-gnu-toolchain-14.3.rel1-darwin-arm64-arm-none-eabi/bin/../lib/gcc/arm-none-eabi/14.3.1/../../../../arm-none-eabi/lib/thumb/v7e-m+fp/hard/libc.a(libc_a-dtoa.o)
 .text._dtoa_r  0x08004010     0x1030 /usr/local/arm-gnu-toolchain-14.3.rel1-darwin-arm64-arm-none-eabi/bin/../lib/gcc/arm-none-eabi/14.3.1/../../../../arm-none-eabi/lib/thumb/v7e-m+fp/hard/libc.a(libc_a-dtoa.o)
                0x08004010                _dtoa_r
 .text._malloc_trim_r
                0x08005040       0xb8 /usr/local/arm-gnu-toolchain-14.3.rel1-darwin-arm64-arm-none-eabi/bin/../lib/gcc/arm-none-eabi/14.3.1/../../../../arm-none-eabi/lib/thumb/v7e-m+fp/hard/libc.a(libc_a-freer.o)
                0x08005040                _malloc_trim_r
 .text._free_r  0x080050f8      0x1f0 /usr/local/arm-gnu-toolchain-14.3.rel1-darwin-arm64-arm-none-eabi/bin/../lib/gcc/arm-none-eabi/14.3.1/../../../../arm-none-eabi/lib/thumb/v7e-m+fp/hard/libc.a(libc_a-freer.o)
                0x080050f8                _free_r
 .text._malloc_r
                0x080052e8      0x598 /usr/local/arm-gnu-toolchain-14.3.rel1-darwin-arm64-arm-none-eabi/bin/../lib/gcc/arm-none-eabi/14.3.1/../../../../arm-none-eabi/lib/thumb/v7e-m+fp/hard/libc.a(libc_a-mallocr.o)
                0x080052e8                _malloc_r
 .text.__ascii_mbtowc
                0x08005880       0x2c /usr/local/arm-gnu-toolchain-14.3.rel1-darwin-arm64-arm-none-eabi/bin/../lib/gcc/arm-none-eabi/14.3.1/../../../../arm-none-eabi/lib/thumb/v7e-m+fp/hard/libc.a(libc_a-mbtowc_r.o)
                0x08005880                __ascii_mbtowc
 .text.__malloc_lock
                0x080058ac        0xc /usr/local/arm-gnu-toolchain-14.3.rel1-darwin-arm64-arm-none-eabi/bin/../lib/gcc/arm-none-eabi/14.3.1/../../../../arm-none-eabi/lib/thumb/v7e-m+fp/hard/libc.a(libc_a-mlock.o)
                0x080058ac                __malloc_lock
 .text.__malloc_unlock
                0x080058b8        0xc /usr/local/arm-gnu-toolchain-14.3.rel1-darwin-arm64-arm-none-eabi/bin/../lib/gcc/arm-none-eabi/14.3.1/../../../../arm-none-eabi/lib/thumb/v7e-m+fp/hard/libc.a(libc_a-mlock.o)
                0x080058b8                __malloc_unlock
 .text._fwalk_sglue
                0x080058c4       0x44 /usr/local/arm-gnu-toolchain-14.3.rel1-darwin-arm64-arm-none-eabi/bin/../lib/gcc/arm-none-eabi/14.3.1/../../../../arm-none-eabi/lib/thumb/v7e-m+fp/hard/libc.a(libc_a-fwalk.o)
                0x080058c4                _fwalk_sglue
 .text._Balloc  0x08005908       0x4c /usr/local/arm-gnu-toolchain-14.3.rel1-darwin-arm64-arm-none-eabi/bin/../lib/gcc/arm-none-eabi/14.3.1/../../../../arm-none-eabi/lib/thumb/v7e-m+fp/hard/libc.a(libc_a-mprec.o)
                0x08005908                _Balloc
 .text._Bfree   0x08005954       0x14 /usr/local/arm-gnu-toolchain-14.3.rel1-darwin-arm64-arm-none-eabi/bin/../lib/gcc/arm-none-eabi/14.3.1/../../../../arm-none-eabi/lib/thumb/v7e-m+fp/hard/libc.a(libc_a-mprec.o)
                0x08005954                _Bfree
 .text.__multadd
                0x08005968       0xa0 /usr/local/arm-gnu-toolchain-14.3.rel1-darwin-arm64-arm-none-eabi/bin/../lib/gcc/arm-none-eabi/14.3.1/../../../../arm-none-eabi/lib/thumb/v7e-m+fp/hard/libc.a(libc_a-mprec.o)
                0x08005968                __multadd
 .text.__hi0bits
                0x08005a08       0x54 /usr/local/arm-gnu-toolchain-14.3.rel1-darwin-arm64-arm-none-eabi/bin/../lib/gcc/arm-none-eabi/14.3.1/../../../../arm-none-eabi/lib/thumb/v7e-m+fp/hard/libc.a(libc_a-mprec.o)
                0x08005a08                __hi0bits
 .text.__lo0bits
                0x08005a5c       0x80 /usr/local/arm-gnu-toolchain-14.3.rel1-darwin-arm64-arm-none-eabi/bin/../lib/gcc/arm-none-eabi/14.3.1/../../../../arm-none-eabi/lib/thumb/v7e-m+fp/hard/libc.a(libc_a-mprec.o)
                0x08005a5c                __lo0bits
 .text.__i2b    0x08005adc       0x5c /usr/local/arm-gnu-toolchain-14.3.rel1-darwin-arm64-arm-none-eabi/bin/../lib/gcc/arm-none-eabi/14.3.1/../../../../arm-none-eabi/lib/thumb/v7e-m+fp/hard/libc.a(libc_a-mprec.o)
                0x08005adc                __i2b
 .text.__multiply
                0x08005b38      0x16c /usr/local/arm-gnu-toolchain-14.3.rel1-darwin-arm64-arm-none-eabi/bin/../lib/gcc/arm-none-eabi/14.3.1/../../../../arm-none-eabi/lib/thumb/v7e-m+fp/hard/libc.a(libc_a-mprec.o)
                0x08005b38                __multiply
 .text.__pow5mult
                0x08005ca4       0xc0 /usr/local/arm-gnu-toolchain-14.3.rel1-darwin-arm64-arm-none-eabi/bin/../lib/gcc/arm-none-eabi/14.3.1/../../../../arm-none-eabi/lib/thumb/v7e-m+fp/hard/libc.a(libc_a-mprec.o)
                0x08005ca4                __pow5mult
 .text.__lshift
                0x08005d64       0xe8 /usr/local/arm-gnu-toolchain-14.3.rel1-darwin-arm64-arm-none-eabi/bin/../lib/gcc/arm-none-eabi/14.3.1/../../../../arm-none-eabi/lib/thumb/v7e-m+fp/hard/libc.a(libc_a-mprec.o)
                0x08005d64                __lshift
 .text.__mcmp   0x08005e4c       0x44 /usr/local/arm-gnu-toolchain-14.3.rel1-darwin-arm64-arm-none-eabi/bin/../lib/gcc/arm-none-eabi/14.3.1/../../../../arm-none-eabi/lib/thumb/v7e-m+fp/hard/libc.a(libc_a-mprec.o)
                0x08005e4c                __mcmp
 .text.__mdiff  0x08005e90      0x174 /usr/local/arm-gnu-toolchain-14.3.rel1-darwin-arm64-arm-none-eabi/bin/../lib/gcc/arm-none-eabi/14.3.1/../../../../arm-none-eabi/lib/thumb/v7e-m+fp/hard/libc.a(libc_a-mprec.o)
                0x08005e90                __mdiff
 .text.__d2b    0x08006004       0xbc /usr/local/arm-gnu-toolchain-14.3.rel1-darwin-arm64-arm-none-eabi/bin/../lib/gcc/arm-none-eabi/14.3.1/../../../../arm-none-eabi/lib/thumb/v7e-m+fp/hard/libc.a(libc_a-mprec.o)
                0x08006004                __d2b
 .text.__smakebuf_r
                0x080060c0       0xd0 /usr/local/arm-gnu-toolchain-14.3.rel1-darwin-arm64-arm-none-eabi/bin/../lib/gcc/arm-none-eabi/14.3.1/../../../../arm-none-eabi/lib/thumb/v7e-m+fp/hard/libc.a(libc_a-makebuf.o)
                0x080060c0                __smakebuf_r
 .text.__ssputs_r
                0x08006190       0xc0 /usr/local/arm-gnu-toolchain-14.3.rel1-darwin-arm64-arm-none-eabi/bin/../lib/gcc/arm-none-eabi/14.3.1/../../../../arm-none-eabi/lib/thumb/v7e-m+fp/hard/libc.a(libc_a-ssputs_r.o)
                0x08006190                __ssputs_r
 .text.__ascii_wctomb
                0x08006250       0x1c /usr/local/arm-gnu-toolchain-14.3.rel1-darwin-arm64-arm-none-eabi/bin/../lib/gcc/arm-none-eabi/14.3.1/../../../../arm-none-eabi/lib/thumb/v7e-m+fp/hard/libc.a(libc_a-wctomb_r.o)
                0x08006250                __ascii_wctomb
 .text._fclose_r
                0x0800626c       0xc0 /usr/local/arm-gnu-toolchain-14.3.rel1-darwin-arm64-arm-none-eabi/bin/../lib/gcc/arm-none-eabi/14.3.1/../../../../arm-none-eabi/lib/thumb/v7e-m+fp/hard/libc.a(libc_a-fclose.o)
                0x0800626c                _fclose_r
 .text.__sflush_r
                0x0800632c      0x138 /usr/local/arm-gnu-toolchain-14.3.rel1-darwin-arm64-arm-none-eabi/bin/../lib/gcc/arm-none-eabi/14.3.1/../../../../arm-none-eabi/lib/thumb/v7e-m+fp/hard/libc.a(libc_a-fflush.o)
                0x0800632c                __sflush_r
 .text._fflush_r
                0x08006464       0x54 /usr/local/arm-gnu-toolchain-14.3.rel1-darwin-arm64-arm-none-eabi/bin/../lib/gcc/arm-none-eabi/14.3.1/../../../../arm-none-eabi/lib/thumb/v7e-m+fp/hard/libc.a(libc_a-fflush.o)
                0x08006464                _fflush_r
 .text.__sread  0x080064b8       0x24 /usr/local/arm-gnu-toolchain-14.3.rel1-darwin-arm64-arm-none-eabi/bin/../lib/gcc/arm-none-eabi/14.3.1/../../../../arm-none-eabi/lib/thumb/v7e-m+fp/hard/libc.a(libc_a-stdio.o)
                0x080064b8                __sread
 .text.__swrite
                0x080064dc       0x40 /usr/local/arm-gnu-toolchain-14.3.rel1-darwin-arm64-arm-none-eabi/bin/../lib/gcc/arm-none-eabi/14.3.1/../../../../arm-none-eabi/lib/thumb/v7e-m+fp/hard/libc.a(libc_a-stdio.o)
                0x080064dc                __swrite
 .text.__sseek  0x0800651c       0x24 /usr/local/arm-gnu-toolchain-14.3.rel1-darwin-arm64-arm-none-eabi/bin/../lib/gcc/arm-none-eabi/14.3.1/../../../../arm-none-eabi/lib/thumb/v7e-m+fp/hard/libc.a(libc_a-stdio.o)
                0x0800651c                __sseek
 .text.__sclose
                0x08006540        0x8 /usr/local/arm-gnu-toolchain-14.3.rel1-darwin-arm64-arm-none-eabi/bin/../lib/gcc/arm-none-eabi/14.3.1/../../../../arm-none-eabi/lib/thumb/v7e-m+fp/hard/libc.a(libc_a-stdio.o)
                0x08006540                __sclose
 .text.memmove  0x08006548      0x130 /usr/local/arm-gnu-toolchain-14.3.rel1-darwin-arm64-arm-none-eabi/bin/../lib/gcc/arm-none-eabi/14.3.1/../../../../arm-none-eabi/lib/thumb/v7e-m+fp/hard/libc.a(libc_a-memmove.o)
                0x08006548                memmove
 .text._close_r
                0x08006678       0x24 /usr/local/arm-gnu-toolchain-14.3.rel1-darwin-arm64-arm-none-eabi/bin/../lib/gcc/arm-none-eabi/14.3.1/../../../../arm-none-eabi/lib/thumb/v7e-m+fp/hard/libc.a(libc_a-closer.o)
                0x08006678                _close_r
 .text._fstat_r
                0x0800669c       0x2c /usr/local/arm-gnu-toolchain-14.3.rel1-darwin-arm64-arm-none-eabi/bin/../lib/gcc/arm-none-eabi/14.3.1/../../../../arm-none-eabi/lib/thumb/v7e-m+fp/hard/libc.a(libc_a-fstatr.o)
                0x0800669c                _fstat_r
 .text._isatty_r
                0x080066c8       0x24 /usr/local/arm-gnu-toolchain-14.3.rel1-darwin-arm64-arm-none-eabi/bin/../lib/gcc/arm-none-eabi/14.3.1/../../../../arm-none-eabi/lib/thumb/v7e-m+fp/hard/libc.a(libc_a-isattyr.o)
                0x080066c8                _isatty_r
 .text._lseek_r
                0x080066ec       0x2c /usr/local/arm-gnu-toolchain-14.3.rel1-darwin-arm64-arm-none-eabi/bin/../lib/gcc/arm-none-eabi/14.3.1/../../../../arm-none-eabi/lib/thumb/v7e-m+fp/hard/libc.a(libc_a-lseekr.o)
                0x080066ec                _lseek_r
 .text._read_r  0x08006718       0x2c /usr/local/arm-gnu-toolchain-14.3.rel1-darwin-arm64-arm-none-eabi/bin/../lib/gcc/arm-none-eabi/14.3.1/../../../../arm-none-eabi/lib/thumb/v7e-m+fp/hard/libc.a(libc_a-readr.o)
                0x08006718                _read_r
 .text._sbrk_r  0x08006744       0x24 /usr/local/arm-gnu-toolchain-14.3.rel1-darwin-arm64-arm-none-eabi/bin/../lib/gcc/arm-none-eabi/14.3.1/../../../../arm-none-eabi/lib/thumb/v7e-m+fp/hard/libc.a(libc_a-sbrkr.o)
                0x08006744                _sbrk_r
 .text._write_r
                0x08006768       0x2c /usr/local/arm-gnu-toolchain-14.3.rel1-darwin-arm64-arm-none-eabi/bin/../lib/gcc/arm-none-eabi/14.3.1/../../../../arm-none-eabi/lib/thumb/v7e-m+fp/hard/libc.a(libc_a-writer.o)
                0x08006768                _write_r
 .text.sysconf  0x08006794       0x1c /usr/local/arm-gnu-toolchain-14.3.rel1-darwin-arm64-arm-none-eabi/bin/../lib/gcc/arm-none-eabi/14.3.1/../../../../arm-none-eabi/lib/thumb/v7e-m+fp/hard/libc.a(libc_a-sysconf.o)
                0x08006794                sysconf
 .text._wcsnrtombs_l
                0x080067b0       0xf0 /usr/local/arm-gnu-toolchain-14.3.rel1-darwin-arm64-arm-none-eabi/bin/../lib/gcc/arm-none-eabi/14.3.1/../../../../arm-none-eabi/lib/thumb/v7e-m+fp/hard/libc.a(libc_a-wcsnrtombs.o)
                0x080067b0                _wcsnrtombs_l
 .text._wcsnrtombs_r
                0x080068a0       0x24 /usr/local/arm-gnu-toolchain-14.3.rel1-darwin-arm64-arm-none-eabi/bin/../lib/gcc/arm-none-eabi/14.3.1/../../../../arm-none-eabi/lib/thumb/v7e-m+fp/hard/libc.a(libc_a-wcsnrtombs.o)
                0x080068a0                _wcsnrtombs_r
 .text.__assert_func
                0x080068c4       0x40 /usr/local/arm-gnu-toolchain-14.3.rel1-darwin-arm64-arm-none-eabi/bin/../lib/gcc/arm-none-eabi/14.3.1/../../../../arm-none-eabi/lib/thumb/v7e-m+fp/hard/libc.a(libc_a-assert.o)
                0x080068c4                __assert_func
 .text._calloc_r
                0x08006904       0x6c /usr/local/arm-gnu-toolchain-14.3.rel1-darwin-arm64-arm-none-eabi/bin/../lib/gcc/arm-none-eabi/14.3.1/../../../../arm-none-eabi/lib/thumb/v7e-m+fp/hard/libc.a(libc_a-callocr.o)
                0x08006904                _calloc_r
 .text.fiprintf
                0x08006970       0x28 /usr/local/arm-gnu-toolchain-14.3.rel1-darwin-arm64-arm-none-eabi/bin/../lib/gcc/arm-none-eabi/14.3.1/../../../../arm-none-eabi/lib/thumb/v7e-m+fp/hard/libc.a(libc_a-fiprintf.o)
                0x08006970                fiprintf
 .text._vfiprintf_r
                0x08006998     0x1288 /usr/local/arm-gnu-toolchain-14.3.rel1-darwin-arm64-arm-none-eabi/bin/../lib/gcc/arm-none-eabi/14.3.1/../../../../arm-none-eabi/lib/thumb/v7e-m+fp/hard/libc.a(libc_a-vfiprintf.o)
                0x08006998                _vfiprintf_r
 .text.__sbprintf
                0x08007c20       0x84 /usr/local/arm-gnu-toolchain-14.3.rel1-darwin-arm64-arm-none-eabi/bin/../lib/gcc/arm-none-eabi/14.3.1/../../../../arm-none-eabi/lib/thumb/v7e-m+fp/hard/libc.a(libc_a-vfiprintf.o)
 .text._realloc_r
                0x08007ca4      0x348 /usr/local/arm-gnu-toolchain-14.3.rel1-darwin-arm64-arm-none-eabi/bin/../lib/gcc/arm-none-eabi/14.3.1/../../../../arm-none-eabi/lib/thumb/v7e-m+fp/hard/libc.a(libc_a-reallocr.o)
                0x08007ca4                _realloc_r
 .text.__sprint_r
                0x08007fec       0x20 /usr/local/arm-gnu-toolchain-14.3.rel1-darwin-arm64-arm-none-eabi/bin/../lib/gcc/arm-none-eabi/14.3.1/../../../../arm-none-eabi/lib/thumb/v7e-m+fp/hard/libc.a(libc_a-sprint_r.o)
                0x08007fec                __sprint_r
 .text.abort    0x0800800c       0x10 /usr/local/arm-gnu-toolchain-14.3.rel1-darwin-arm64-arm-none-eabi/bin/../lib/gcc/arm-none-eabi/14.3.1/../../../../arm-none-eabi/lib/thumb/v7e-m+fp/hard/libc.a(libc_a-abort.o)
                0x0800800c                abort
 .text.__sfvwrite_r
                0x0800801c      0x2ec /usr/local/arm-gnu-toolchain-14.3.rel1-darwin-arm64-arm-none-eabi/bin/../lib/gcc/arm-none-eabi/14.3.1/../../../../arm-none-eabi/lib/thumb/v7e-m+fp/hard/libc.a(libc_a-fvwrite.o)
                0x0800801c                __sfvwrite_r
 .text.raise    0x08008308       0x58 /usr/local/arm-gnu-toolchain-14.3.rel1-darwin-arm64-arm-none-eabi/bin/../lib/gcc/arm-none-eabi/14.3.1/../../../../arm-none-eabi/lib/thumb/v7e-m+fp/hard/libc.a(libc_a-signal.o)
                0x08008308                raise
 .text._kill_r  0x08008360       0x2c /usr/local/arm-gnu-toolchain-14.3.rel1-darwin-arm64-arm-none-eabi/bin/../lib/gcc/arm-none-eabi/14.3.1/../../../../arm-none-eabi/lib/thumb/v7e-m+fp/hard/libc.a(libc_a-signalr.o)
                0x08008360                _kill_r
 .text._getpid_r
                0x0800838c        0x4 /usr/local/arm-gnu-toolchain-14.3.rel1-darwin-arm64-arm-none-eabi/bin/../lib/gcc/arm-none-eabi/14.3.1/../../../../arm-none-eabi/lib/thumb/v7e-m+fp/hard/libc.a(libc_a-signalr.o)
                0x0800838c                _getpid_r
 *(.glue_7)
 .glue_7        0x08008390        0x0 linker stubs
 *(.glue_7t)
 .glue_7t       0x08008390        0x0 linker stubs
 *(.eh_frame)
 *(.init)
 *(.fini)
                0x08008390                        . = ALIGN (0x4)
                0x08008390                        _etext = .

.vfp11_veneer   0x08008390        0x0
 .vfp11_veneer  0x08008390        0x0 linker stubs

.v4_bx          0x08008390        0x0
 .v4_bx         0x08008390        0x0 linker stubs

.iplt           0x08008390        0x0
 .iplt          0x08008390        0x0 Firmware/build/Firmware/Core/Src/main.o

.rodata         0x08008390      0x490
                0x08008390                        . = ALIGN (0x4)
 *(.rodata)
 *(.rodata*)
 .rodata.main.str1.1
                0x08008390       0x93 Firmware/build/Firmware/Core/Src/main.o
                                 0x27 (size before relaxing)
 .rodata.HCSR04_Read.str1.1
                0x08008423       0x6c Firmware/build/Firmware/Core/Src/hcsr04.o
 *fill*         0x08008423        0x1 
 .rodata._svfprintf_r.str1.4
                0x08008424      0x1b7 /usr/local/arm-gnu-toolchain-14.3.rel1-darwin-arm64-arm-none-eabi/bin/../lib/gcc/arm-none-eabi/14.3.1/../../../../arm-none-eabi/lib/thumb/v7e-m+fp/hard/libc.a(libc_a-svfprintf.o)
                                 0x42 (size before relaxing)
 *fill*         0x080085db        0x1 
 .rodata.zeroes.0
                0x080085dc       0x10 /usr/local/arm-gnu-toolchain-14.3.rel1-darwin-arm64-arm-none-eabi/bin/../lib/gcc/arm-none-eabi/14.3.1/../../../../arm-none-eabi/lib/thumb/v7e-m+fp/hard/libc.a(libc_a-svfprintf.o)
 .rodata.blanks.1
                0x080085ec       0x10 /usr/local/arm-gnu-toolchain-14.3.rel1-darwin-arm64-arm-none-eabi/bin/../lib/gcc/arm-none-eabi/14.3.1/../../../../arm-none-eabi/lib/thumb/v7e-m+fp/hard/libc.a(libc_a-svfprintf.o)
 .rodata.str1.4
                0x080085fc       0x4c /usr/local/arm-gnu-toolchain-14.3.rel1-darwin-arm64-arm-none-eabi/bin/../lib/gcc/arm-none-eabi/14.3.1/../../../../arm-none-eabi/lib/thumb/v7e-m+fp/hard/libc.a(libc_a-locale.o)
 .rodata._ctype_
                0x080085fc      0x101 /usr/local/arm-gnu-toolchain-14.3.rel1-darwin-arm64-arm-none-eabi/bin/../lib/gcc/arm-none-eabi/14.3.1/../../../../arm-none-eabi/lib/thumb/v7e-m+fp/hard/libc.a(libc_a-ctype_.o)
                0x080085fc                _ctype_
 .rodata._dtoa_r.str1.4
                0x080086fd       0x89 /usr/local/arm-gnu-toolchain-14.3.rel1-darwin-arm64-arm-none-eabi/bin/../lib/gcc/arm-none-eabi/14.3.1/../../../../arm-none-eabi/lib/thumb/v7e-m+fp/hard/libc.a(libc_a-dtoa.o)
 .rodata.__multadd.str1.4
                0x080086fd       0x76 /usr/local/arm-gnu-toolchain-14.3.rel1-darwin-arm64-arm-none-eabi/bin/../lib/gcc/arm-none-eabi/14.3.1/../../../../arm-none-eabi/lib/thumb/v7e-m+fp/hard/libc.a(libc_a-mprec.o)
 *fill*         0x080086fd        0x3 
 .rodata.p05.0  0x08008700        0xc /usr/local/arm-gnu-toolchain-14.3.rel1-darwin-arm64-arm-none-eabi/bin/../lib/gcc/arm-none-eabi/14.3.1/../../../../arm-none-eabi/lib/thumb/v7e-m+fp/hard/libc.a(libc_a-mprec.o)
 *fill*         0x0800870c        0x4 
 .rodata.__mprec_bigtens
                0x08008710       0x28 /usr/local/arm-gnu-toolchain-14.3.rel1-darwin-arm64-arm-none-eabi/bin/../lib/gcc/arm-none-eabi/14.3.1/../../../../arm-none-eabi/lib/thumb/v7e-m+fp/hard/libc.a(libc_a-mprec.o)
                0x08008710                __mprec_bigtens
 .rodata.__mprec_tens
                0x08008738       0xc8 /usr/local/arm-gnu-toolchain-14.3.rel1-darwin-arm64-arm-none-eabi/bin/../lib/gcc/arm-none-eabi/14.3.1/../../../../arm-none-eabi/lib/thumb/v7e-m+fp/hard/libc.a(libc_a-mprec.o)
                0x08008738                __mprec_tens
 .rodata.__assert_func.str1.4
                0x08008800       0x43 /usr/local/arm-gnu-toolchain-14.3.rel1-darwin-arm64-arm-none-eabi/bin/../lib/gcc/arm-none-eabi/14.3.1/../../../../arm-none-eabi/lib/thumb/v7e-m+fp/hard/libc.a(libc_a-assert.o)
 .rodata._vfiprintf_r.str1.4
                0x08008800       0x2f /usr/local/arm-gnu-toolchain-14.3.rel1-darwin-arm64-arm-none-eabi/bin/../lib/gcc/arm-none-eabi/14.3.1/../../../../arm-none-eabi/lib/thumb/v7e-m+fp/hard/libc.a(libc_a-vfiprintf.o)
 .rodata.zeroes.0
                0x08008800       0x10 /usr/local/arm-gnu-toolchain-14.3.rel1-darwin-arm64-arm-none-eabi/bin/../lib/gcc/arm-none-eabi/14.3.1/../../../../arm-none-eabi/lib/thumb/v7e-m+fp/hard/libc.a(libc_a-vfiprintf.o)
 .rodata.blanks.1
                0x08008810       0x10 /usr/local/arm-gnu-toolchain-14.3.rel1-darwin-arm64-arm-none-eabi/bin/../lib/gcc/arm-none-eabi/14.3.1/../../../../arm-none-eabi/lib/thumb/v7e-m+fp/hard/libc.a(libc_a-vfiprintf.o)
                0x08008844                        . = ALIGN (0x4)

.ARM.extab      0x08008820        0x0
                0x08008820                        . = ALIGN (0x4)
 *(.ARM.extab* .gnu.linkonce.armextab.*)
                0x08008820                        . = ALIGN (0x4)

.ARM            0x08008820        0x8
                0x08008820                        . = ALIGN (0x4)
                0x08008820                        __exidx_start = .
 *(.ARM.exidx*)
 .ARM.exidx     0x08008820        0x8 /usr/local/arm-gnu-toolchain-14.3.rel1-darwin-arm64-arm-none-eabi/bin/../lib/gcc/arm-none-eabi/14.3.1/../../../../arm-none-eabi/lib/thumb/v7e-m+fp/hard/libc.a(libc_a-memchr.o)
 .ARM.exidx     0x08008828        0x0 /usr/local/arm-gnu-toolchain-14.3.rel1-darwin-arm64-arm-none-eabi/bin/../lib/gcc/arm-none-eabi/14.3.1/../../../../arm-none-eabi/lib/thumb/v7e-m+fp/hard/libc.a(libc_a-strlen.o)
                                  0x8 (size before relaxing)
 .ARM.exidx     0x08008828        0x0 /usr/local/arm-gnu-toolchain-14.3.rel1-darwin-arm64-arm-none-eabi/bin/../lib/gcc/arm-none-eabi/14.3.1/../../../../arm-none-eabi/lib/thumb/v7e-m+fp/hard/libc.a(libc_a-memcpy.o)
                                  0x8 (size before relaxing)
                0x08008828                        __exidx_end = .
                0x08008828                        . = ALIGN (0x4)

.rel.dyn        0x08008828        0x0
 .rel.iplt      0x08008828        0x0 Firmware/build/Firmware/Core/Src/main.o

.preinit_array  0x08008828        0x0
                0x08008828                        . = ALIGN (0x4)
                0x08008828                        PROVIDE (__preinit_array_start = .)
 *(.preinit_array*)
                0x08008828                        PROVIDE (__preinit_array_end = .)
                0x08008828                        . = ALIGN (0x4)

.init_array     0x08008828        0x0
                0x08008828                        . = ALIGN (0x4)
                0x08008828                        PROVIDE (__init_array_start = .)
 *(SORT_BY_NAME(.init_array.*))
 *(.init_array*)
                0x08008828                        PROVIDE (__init_array_end = .)
                0x08008828                        . = ALIGN (0x4)

.fini_array     0x08008828        0x0
                0x08008828                        . = ALIGN (0x4)
                [!provide]                        PROVIDE (__fini_array_start = .)
 *(SORT_BY_NAME(.fini_array.*))
 *(.fini_array*)
                [!provide]                        PROVIDE (__fini_array_end = .)
                0x08008828                        . = ALIGN (0x4)
                0x08008828                        _sidata = LOADADDR (.data)

.data           0x20000000      0x8a8 load address 0x08008828
                0x20000000                        . = ALIGN (0x4)
                0x20000000                        _sdata = .
 *(.data)
 *(.data*)
 .data.green_led
                0x20000000        0x8 Firmware/build/Firmware/Core/Src/usart.o
                0x20000000                green_led
 .data.servo_control_signal
                0x20000008        0x8 Firmware/build/Firmware/Core/Src/pins.o
                0x20000008                servo_control_signal
 .data.echoPin  0x20000010        0x8 Firmware/build/Firmware/Core/Src/pins.o
                0x20000010                echoPin
 .data.trigPin  0x20000018        0x8 Firmware/build/Firmware/Core/Src/pins.o
                0x20000018                trigPin
 .data.tim_servo
                0x20000020        0x4 Firmware/build/Firmware/Core/Src/pins.o
                0x20000020                tim_servo
 .data.tim_delay
                0x20000024        0x4 Firmware/build/Firmware/Core/Src/pins.o
                0x20000024                tim_delay
 .data.tim_hcsr04
                0x20000028        0x4 Firmware/build/Firmware/Core/Src/pins.o
                0x20000028                tim_hcsr04
 .data.SystemCoreClock
                0x2000002c        0x4 Firmware/build/Firmware/Drivers/CMSIS/Device/ST/STM32F4xx/Source/Templates/system_stm32f4xx.o
                0x2000002c                SystemCoreClock
 .data._impure_ptr
                0x20000030        0x4 /usr/local/arm-gnu-toolchain-14.3.rel1-darwin-arm64-arm-none-eabi/bin/../lib/gcc/arm-none-eabi/14.3.1/../../../../arm-none-eabi/lib/thumb/v7e-m+fp/hard/libc.a(libc_a-impure.o)
                0x20000030                _impure_ptr
 *fill*         0x20000034        0x4 
 .data._impure_data
                0x20000038      0x200 /usr/local/arm-gnu-toolchain-14.3.rel1-darwin-arm64-arm-none-eabi/bin/../lib/gcc/arm-none-eabi/14.3.1/../../../../arm-none-eabi/lib/thumb/v7e-m+fp/hard/libc.a(libc_a-impure.o)
                0x20000038                _impure_data
 .data.__sglue  0x20000238        0xc /usr/local/arm-gnu-toolchain-14.3.rel1-darwin-arm64-arm-none-eabi/bin/../lib/gcc/arm-none-eabi/14.3.1/../../../../arm-none-eabi/lib/thumb/v7e-m+fp/hard/libc.a(libc_a-findfp.o)
                0x20000238                __sglue
 .data.__global_locale
                0x20000244      0x254 /usr/local/arm-gnu-toolchain-14.3.rel1-darwin-arm64-arm-none-eabi/bin/../lib/gcc/arm-none-eabi/14.3.1/../../../../arm-none-eabi/lib/thumb/v7e-m+fp/hard/libc.a(libc_a-locale.o)
                0x20000244                __global_locale
 .data.__malloc_sbrk_base
                0x20000498        0x4 /usr/local/arm-gnu-toolchain-14.3.rel1-darwin-arm64-arm-none-eabi/bin/../lib/gcc/arm-none-eabi/14.3.1/../../../../arm-none-eabi/lib/thumb/v7e-m+fp/hard/libc.a(libc_a-mallocr.o)
                0x20000498                __malloc_sbrk_base
 .data.__malloc_trim_threshold
                0x2000049c        0x4 /usr/local/arm-gnu-toolchain-14.3.rel1-darwin-arm64-arm-none-eabi/bin/../lib/gcc/arm-none-eabi/14.3.1/../../../../arm-none-eabi/lib/thumb/v7e-m+fp/hard/libc.a(libc_a-mallocr.o)
                0x2000049c                __malloc_trim_threshold
 .data.__malloc_av_
                0x200004a0      0x408 /usr/local/arm-gnu-toolchain-14.3.rel1-darwin-arm64-arm-none-eabi/bin/../lib/gcc/arm-none-eabi/14.3.1/../../../../arm-none-eabi/lib/thumb/v7e-m+fp/hard/libc.a(libc_a-mallocr.o)
                0x200004a0                __malloc_av_
 *(.RamFunc)
 *(.RamFunc*)
                0x200008a8                        . = ALIGN (0x4)
                0x200008a8                        _edata = .
                0x080090d0                        _siccmram = LOADADDR (.ccmram)

.igot.plt       0x200008a8        0x0 load address 0x080090d0
 .igot.plt      0x200008a8        0x0 Firmware/build/Firmware/Core/Src/main.o

.ccmram         0x10000000        0x0 load address 0x080090d0
                0x10000000                        . = ALIGN (0x4)
                0x10000000                        _sccmram = .
 *(.ccmram)
 *(.ccmram*)
                0x10000000                        . = ALIGN (0x4)
                0x10000000                        _eccmram = .
                0x10000000                        . = ALIGN (0x4)

.bss            0x200008a8      0x290
                0x200008a8                        _sbss = .
                0x200008a8                        __bss_start__ = _sbss
 *(.bss)
 *(.bss*)
 .bss.distance_ready
                0x200008a8        0x1 Firmware/build/Firmware/Core/Src/main.o
                0x200008a8                distance_ready
 *fill*         0x200008a9        0x3 
 .bss.last_distance
                0x200008ac        0x4 Firmware/build/Firmware/Core/Src/main.o
                0x200008ac                last_distance
 .bss.rx_tail   0x200008b0        0x2 Firmware/build/Firmware/Core/Src/usart.o
 .bss.rx_head   0x200008b2        0x2 Firmware/build/Firmware/Core/Src/usart.o
 .bss.tx_tail   0x200008b4        0x2 Firmware/build/Firmware/Core/Src/usart.o
 .bss.tx_head   0x200008b6        0x2 Firmware/build/Firmware/Core/Src/usart.o
 .bss.rx_buf    0x200008b8       0x80 Firmware/build/Firmware/Core/Src/usart.o
 .bss.tx_buf    0x20000938       0x80 Firmware/build/Firmware/Core/Src/usart.o
 .bss.heap_end  0x200009b8        0x4 Firmware/build/Firmware/Core/Src/syscalls.o
 .bss.__sf      0x200009bc      0x138 /usr/local/arm-gnu-toolchain-14.3.rel1-darwin-arm64-arm-none-eabi/bin/../lib/gcc/arm-none-eabi/14.3.1/../../../../arm-none-eabi/lib/thumb/v7e-m+fp/hard/libc.a(libc_a-findfp.o)
                0x200009bc                __sf
 .bss.__stdio_exit_handler
                0x20000af4        0x4 /usr/local/arm-gnu-toolchain-14.3.rel1-darwin-arm64-arm-none-eabi/bin/../lib/gcc/arm-none-eabi/14.3.1/../../../../arm-none-eabi/lib/thumb/v7e-m+fp/hard/libc.a(libc_a-findfp.o)
                0x20000af4                __stdio_exit_handler
 .bss.__lock___malloc_recursive_mutex
                0x20000af8        0x1 /usr/local/arm-gnu-toolchain-14.3.rel1-darwin-arm64-arm-none-eabi/bin/../lib/gcc/arm-none-eabi/14.3.1/../../../../arm-none-eabi/lib/thumb/v7e-m+fp/hard/libc.a(libc_a-lock.o)
                0x20000af8                __lock___malloc_recursive_mutex
 *fill*         0x20000af9        0x3 
 .bss.__lock___sfp_recursive_mutex
                0x20000afc        0x1 /usr/local/arm-gnu-toolchain-14.3.rel1-darwin-arm64-arm-none-eabi/bin/../lib/gcc/arm-none-eabi/14.3.1/../../../../arm-none-eabi/lib/thumb/v7e-m+fp/hard/libc.a(libc_a-lock.o)
                0x20000afc                __lock___sfp_recursive_mutex
 *fill*         0x20000afd        0x3 
 .bss.__malloc_current_mallinfo
                0x20000b00       0x28 /usr/local/arm-gnu-toolchain-14.3.rel1-darwin-arm64-arm-none-eabi/bin/../lib/gcc/arm-none-eabi/14.3.1/../../../../arm-none-eabi/lib/thumb/v7e-m+fp/hard/libc.a(libc_a-mallocr.o)
                0x20000b00                __malloc_current_mallinfo
 .bss.__malloc_max_total_mem
                0x20000b28        0x4 /usr/local/arm-gnu-toolchain-14.3.rel1-darwin-arm64-arm-none-eabi/bin/../lib/gcc/arm-none-eabi/14.3.1/../../../../arm-none-eabi/lib/thumb/v7e-m+fp/hard/libc.a(libc_a-mallocr.o)
                0x20000b28                __malloc_max_total_mem
 .bss.__malloc_max_sbrked_mem
                0x20000b2c        0x4 /usr/local/arm-gnu-toolchain-14.3.rel1-darwin-arm64-arm-none-eabi/bin/../lib/gcc/arm-none-eabi/14.3.1/../../../../arm-none-eabi/lib/thumb/v7e-m+fp/hard/libc.a(libc_a-mallocr.o)
                0x20000b2c                __malloc_max_sbrked_mem
 .bss.__malloc_top_pad
                0x20000b30        0x4 /usr/local/arm-gnu-toolchain-14.3.rel1-darwin-arm64-arm-none-eabi/bin/../lib/gcc/arm-none-eabi/14.3.1/../../../../arm-none-eabi/lib/thumb/v7e-m+fp/hard/libc.a(libc_a-mallocr.o)
                0x20000b30                __malloc_top_pad
 .bss.errno     0x20000b34        0x4 /usr/local/arm-gnu-toolchain-14.3.rel1-darwin-arm64-arm-none-eabi/bin/../lib/gcc/arm-none-eabi/14.3.1/../../../../arm-none-eabi/lib/thumb/v7e-m+fp/hard/libc.a(libc_a-reent.o)
                0x20000b34                errno
 *(COMMON)
                0x20000b38                        . = ALIGN (0x4)
                0x20000b38                        _ebss = .
                0x20000b38                        __bss_end__ = _ebss

._user_heap_stack
                0x20000b38      0x600
                0x20000b38                        . = ALIGN (0x8)
                [!provide]                        PROVIDE (end = .)
                [!provide]                        PROVIDE (_end = .)
                0x20000d38                        . = (. + _Min_Heap_Size)
 *fill*         0x20000b38      0x200 
                0x20001138                        . = (. + _Min_Stack_Size)
 *fill*         0x20000d38      0x400 
                0x20001138                        . = ALIGN (0x8)

/DISCARD/
 libc.a(*)
 libm.a(*)
 libgcc.a(*)

.ARM.attributes
                0x00000000       0x32
 *(.ARM.attributes)
 .ARM.attributes
                0x00000000       0x34 Firmware/build/Firmware/Core/Src/main.o
 .ARM.attributes
                0x00000034       0x34 Firmware/build/Firmware/Core/Src/gpio.o
 .ARM.attributes
                0x00000068       0x34 Firmware/build/Firmware/Core/Src/usart.o
 .ARM.attributes
                0x0000009c       0x34 Firmware/build/Firmware/Core/Src/pins.o
 .ARM.attributes
                0x000000d0       0x34 Firmware/build/Firmware/Core/Src/syscalls.o
 .ARM.attributes
                0x00000104       0x34 Firmware/build/Firmware/Core/Src/utils.o
 .ARM.attributes
                0x00000138       0x34 Firmware/build/Firmware/Core/Src/tim.o
 .ARM.attributes
                0x0000016c       0x34 Firmware/build/Firmware/Core/Src/hcsr04.o
 .ARM.attributes
                0x000001a0       0x34 Firmware/build/Firmware/Drivers/CMSIS/Device/ST/STM32F4xx/Source/Templates/system_stm32f4xx.o
 .ARM.attributes
                0x000001d4       0x21 Firmware/build/Firmware/Drivers/CMSIS/Device/ST/STM32F4xx/Source/Templates/gcc/startup_stm32f407xx.o
 .ARM.attributes
                0x000001f5       0x34 /usr/local/arm-gnu-toolchain-14.3.rel1-darwin-arm64-arm-none-eabi/bin/../lib/gcc/arm-none-eabi/14.3.1/../../../../arm-none-eabi/lib/thumb/v7e-m+fp/hard/libc.a(libc_a-putchar.o)
 .ARM.attributes
                0x00000229       0x34 /usr/local/arm-gnu-toolchain-14.3.rel1-darwin-arm64-arm-none-eabi/bin/../lib/gcc/arm-none-eabi/14.3.1/../../../../arm-none-eabi/lib/thumb/v7e-m+fp/hard/libc.a(libc_a-snprintf.o)
 .ARM.attributes
                0x0000025d       0x34 /usr/local/arm-gnu-toolchain-14.3.rel1-darwin-arm64-arm-none-eabi/bin/../lib/gcc/arm-none-eabi/14.3.1/../../../../arm-none-eabi/lib/thumb/v7e-m+fp/hard/libc.a(libc_a-impure.o)
 .ARM.attributes
                0x00000291       0x34 /usr/local/arm-gnu-toolchain-14.3.rel1-darwin-arm64-arm-none-eabi/bin/../lib/gcc/arm-none-eabi/14.3.1/../../../../arm-none-eabi/lib/thumb/v7e-m+fp/hard/libc.a(libc_a-errno.o)
 .ARM.attributes
                0x000002c5       0x34 /usr/local/arm-gnu-toolchain-14.3.rel1-darwin-arm64-arm-none-eabi/bin/../lib/gcc/arm-none-eabi/14.3.1/../../../../arm-none-eabi/lib/thumb/v7e-m+fp/hard/libc.a(libc_a-init.o)
 .ARM.attributes
                0x000002f9       0x34 /usr/local/arm-gnu-toolchain-14.3.rel1-darwin-arm64-arm-none-eabi/bin/../lib/gcc/arm-none-eabi/14.3.1/../../../../arm-none-eabi/lib/thumb/v7e-m+fp/hard/libc.a(libc_a-svfprintf.o)
 .ARM.attributes
                0x0000032d       0x34 /usr/local/arm-gnu-toolchain-14.3.rel1-darwin-arm64-arm-none-eabi/bin/../lib/gcc/arm-none-eabi/14.3.1/../../../../arm-none-eabi/lib/thumb/v7e-m+fp/hard/libc.a(libc_a-putc.o)
 .ARM.attributes
                0x00000361       0x34 /usr/local/arm-gnu-toolchain-14.3.rel1-darwin-arm64-arm-none-eabi/bin/../lib/gcc/arm-none-eabi/14.3.1/../../../../arm-none-eabi/lib/thumb/v7e-m+fp/hard/libc.a(libc_a-ssprint_r.o)
 .ARM.attributes
                0x00000395       0x34 /usr/local/arm-gnu-toolchain-14.3.rel1-darwin-arm64-arm-none-eabi/bin/../lib/gcc/arm-none-eabi/14.3.1/../../../../arm-none-eabi/lib/thumb/v7e-m+fp/hard/libc.a(libc_a-findfp.o)
 .ARM.attributes
                0x000003c9       0x34 /usr/local/arm-gnu-toolchain-14.3.rel1-darwin-arm64-arm-none-eabi/bin/../lib/gcc/arm-none-eabi/14.3.1/../../../../arm-none-eabi/lib/thumb/v7e-m+fp/hard/libc.a(libc_a-wbuf.o)
 .ARM.attributes
                0x000003fd       0x34 /usr/local/arm-gnu-toolchain-14.3.rel1-darwin-arm64-arm-none-eabi/bin/../lib/gcc/arm-none-eabi/14.3.1/../../../../arm-none-eabi/lib/thumb/v7e-m+fp/hard/libc.a(libc_a-wsetup.o)
 .ARM.attributes
                0x00000431       0x34 /usr/local/arm-gnu-toolchain-14.3.rel1-darwin-arm64-arm-none-eabi/bin/../lib/gcc/arm-none-eabi/14.3.1/../../../../arm-none-eabi/lib/thumb/v7e-m+fp/hard/libc.a(libc_a-memset.o)
 .ARM.attributes
                0x00000465       0x34 /usr/local/arm-gnu-toolchain-14.3.rel1-darwin-arm64-arm-none-eabi/bin/../lib/gcc/arm-none-eabi/14.3.1/../../../../arm-none-eabi/lib/thumb/v7e-m+fp/hard/libc.a(libc_a-strncpy.o)
 .ARM.attributes
                0x00000499       0x34 /usr/local/arm-gnu-toolchain-14.3.rel1-darwin-arm64-arm-none-eabi/bin/../lib/gcc/arm-none-eabi/14.3.1/../../../../arm-none-eabi/lib/thumb/v7e-m+fp/hard/libc.a(libc_a-locale.o)
 .ARM.attributes
                0x000004cd       0x34 /usr/local/arm-gnu-toolchain-14.3.rel1-darwin-arm64-arm-none-eabi/bin/../lib/gcc/arm-none-eabi/14.3.1/../../../../arm-none-eabi/lib/thumb/v7e-m+fp/hard/libc.a(libc_a-localeconv.o)
 .ARM.attributes
                0x00000501       0x34 /usr/local/arm-gnu-toolchain-14.3.rel1-darwin-arm64-arm-none-eabi/bin/../lib/gcc/arm-none-eabi/14.3.1/../../../../arm-none-eabi/lib/thumb/v7e-m+fp/hard/libc.a(libc_a-lock.o)
 .ARM.attributes
                0x00000535       0x1c /usr/local/arm-gnu-toolchain-14.3.rel1-darwin-arm64-arm-none-eabi/bin/../lib/gcc/arm-none-eabi/14.3.1/../../../../arm-none-eabi/lib/thumb/v7e-m+fp/hard/libc.a(libc_a-memchr.o)
 .ARM.attributes
                0x00000551       0x1c /usr/local/arm-gnu-toolchain-14.3.rel1-darwin-arm64-arm-none-eabi/bin/../lib/gcc/arm-none-eabi/14.3.1/../../../../arm-none-eabi/lib/thumb/v7e-m+fp/hard/libc.a(libc_a-strlen.o)
 .ARM.attributes
                0x0000056d       0x34 /usr/local/arm-gnu-toolchain-14.3.rel1-darwin-arm64-arm-none-eabi/bin/../lib/gcc/arm-none-eabi/14.3.1/../../../../arm-none-eabi/lib/thumb/v7e-m+fp/hard/libc.a(libc_a-wcrtomb.o)
 .ARM.attributes
                0x000005a1       0x34 /usr/local/arm-gnu-toolchain-14.3.rel1-darwin-arm64-arm-none-eabi/bin/../lib/gcc/arm-none-eabi/14.3.1/../../../../arm-none-eabi/lib/thumb/v7e-m+fp/hard/libc.a(libc_a-wcsrtombs.o)
 .ARM.attributes
                0x000005d5       0x34 /usr/local/arm-gnu-toolchain-14.3.rel1-darwin-arm64-arm-none-eabi/bin/../lib/gcc/arm-none-eabi/14.3.1/../../../../arm-none-eabi/lib/thumb/v7e-m+fp/hard/libc.a(libc_a-ctype_.o)
 .ARM.attributes
                0x00000609       0x34 /usr/local/arm-gnu-toolchain-14.3.rel1-darwin-arm64-arm-none-eabi/bin/../lib/gcc/arm-none-eabi/14.3.1/../../../../arm-none-eabi/lib/thumb/v7e-m+fp/hard/libc.a(libm_a-s_frexp.o)
 .ARM.attributes
                0x0000063d       0x34 /usr/local/arm-gnu-toolchain-14.3.rel1-darwin-arm64-arm-none-eabi/bin/../lib/gcc/arm-none-eabi/14.3.1/../../../../arm-none-eabi/lib/thumb/v7e-m+fp/hard/libc.a(libc_a-dtoa.o)
 .ARM.attributes
                0x00000671       0x34 /usr/local/arm-gnu-toolchain-14.3.rel1-darwin-arm64-arm-none-eabi/bin/../lib/gcc/arm-none-eabi/14.3.1/../../../../arm-none-eabi/lib/thumb/v7e-m+fp/hard/libc.a(libc_a-freer.o)
 .ARM.attributes
                0x000006a5       0x34 /usr/local/arm-gnu-toolchain-14.3.rel1-darwin-arm64-arm-none-eabi/bin/../lib/gcc/arm-none-eabi/14.3.1/../../../../arm-none-eabi/lib/thumb/v7e-m+fp/hard/libc.a(libc_a-mallocr.o)
 .ARM.attributes
                0x000006d9       0x34 /usr/local/arm-gnu-toolchain-14.3.rel1-darwin-arm64-arm-none-eabi/bin/../lib/gcc/arm-none-eabi/14.3.1/../../../../arm-none-eabi/lib/thumb/v7e-m+fp/hard/libc.a(libc_a-mbtowc_r.o)
 .ARM.attributes
                0x0000070d       0x34 /usr/local/arm-gnu-toolchain-14.3.rel1-darwin-arm64-arm-none-eabi/bin/../lib/gcc/arm-none-eabi/14.3.1/../../../../arm-none-eabi/lib/thumb/v7e-m+fp/hard/libc.a(libc_a-mlock.o)
 .ARM.attributes
                0x00000741       0x34 /usr/local/arm-gnu-toolchain-14.3.rel1-darwin-arm64-arm-none-eabi/bin/../lib/gcc/arm-none-eabi/14.3.1/../../../../arm-none-eabi/lib/thumb/v7e-m+fp/hard/libc.a(libc_a-fwalk.o)
 .ARM.attributes
                0x00000775       0x34 /usr/local/arm-gnu-toolchain-14.3.rel1-darwin-arm64-arm-none-eabi/bin/../lib/gcc/arm-none-eabi/14.3.1/../../../../arm-none-eabi/lib/thumb/v7e-m+fp/hard/libc.a(libc_a-mprec.o)
 .ARM.attributes
                0x000007a9       0x34 /usr/local/arm-gnu-toolchain-14.3.rel1-darwin-arm64-arm-none-eabi/bin/../lib/gcc/arm-none-eabi/14.3.1/../../../../arm-none-eabi/lib/thumb/v7e-m+fp/hard/libc.a(libc_a-makebuf.o)
 .ARM.attributes
                0x000007dd       0x34 /usr/local/arm-gnu-toolchain-14.3.rel1-darwin-arm64-arm-none-eabi/bin/../lib/gcc/arm-none-eabi/14.3.1/../../../../arm-none-eabi/lib/thumb/v7e-m+fp/hard/libc.a(libc_a-ssputs_r.o)
 .ARM.attributes
                0x00000811       0x34 /usr/local/arm-gnu-toolchain-14.3.rel1-darwin-arm64-arm-none-eabi/bin/../lib/gcc/arm-none-eabi/14.3.1/../../../../arm-none-eabi/lib/thumb/v7e-m+fp/hard/libc.a(libc_a-wctomb_r.o)
 .ARM.attributes
                0x00000845       0x34 /usr/local/arm-gnu-toolchain-14.3.rel1-darwin-arm64-arm-none-eabi/bin/../lib/gcc/arm-none-eabi/14.3.1/../../../../arm-none-eabi/lib/thumb/v7e-m+fp/hard/libc.a(libc_a-fclose.o)
 .ARM.attributes
                0x00000879       0x34 /usr/local/arm-gnu-toolchain-14.3.rel1-darwin-arm64-arm-none-eabi/bin/../lib/gcc/arm-none-eabi/14.3.1/../../../../arm-none-eabi/lib/thumb/v7e-m+fp/hard/libc.a(libc_a-fflush.o)
 .ARM.attributes
                0x000008ad       0x34 /usr/local/arm-gnu-toolchain-14.3.rel1-darwin-arm64-arm-none-eabi/bin/../lib/gcc/arm-none-eabi/14.3.1/../../../../arm-none-eabi/lib/thumb/v7e-m+fp/hard/libc.a(libc_a-stdio.o)
 .ARM.attributes
                0x000008e1       0x34 /usr/local/arm-gnu-toolchain-14.3.rel1-darwin-arm64-arm-none-eabi/bin/../lib/gcc/arm-none-eabi/14.3.1/../../../../arm-none-eabi/lib/thumb/v7e-m+fp/hard/libc.a(libc_a-memmove.o)
 .ARM.attributes
                0x00000915       0x34 /usr/local/arm-gnu-toolchain-14.3.rel1-darwin-arm64-arm-none-eabi/bin/../lib/gcc/arm-none-eabi/14.3.1/../../../../arm-none-eabi/lib/thumb/v7e-m+fp/hard/libc.a(libc_a-closer.o)
 .ARM.attributes
                0x00000949       0x34 /usr/local/arm-gnu-toolchain-14.3.rel1-darwin-arm64-arm-none-eabi/bin/../lib/gcc/arm-none-eabi/14.3.1/../../../../arm-none-eabi/lib/thumb/v7e-m+fp/hard/libc.a(libc_a-reent.o)
 .ARM.attributes
                0x0000097d       0x34 /usr/local/arm-gnu-toolchain-14.3.rel1-darwin-arm64-arm-none-eabi/bin/../lib/gcc/arm-none-eabi/14.3.1/../../../../arm-none-eabi/lib/thumb/v7e-m+fp/hard/libc.a(libc_a-fstatr.o)
 .ARM.attributes
                0x000009b1       0x34 /usr/local/arm-gnu-toolchain-14.3.rel1-darwin-arm64-arm-none-eabi/bin/../lib/gcc/arm-none-eabi/14.3.1/../../../../arm-none-eabi/lib/thumb/v7e-m+fp/hard/libc.a(libc_a-isattyr.o)
 .ARM.attributes
                0x000009e5       0x34 /usr/local/arm-gnu-toolchain-14.3.rel1-darwin-arm64-arm-none-eabi/bin/../lib/gcc/arm-none-eabi/14.3.1/../../../../arm-none-eabi/lib/thumb/v7e-m+fp/hard/libc.a(libc_a-lseekr.o)
 .ARM.attributes
                0x00000a19       0x34 /usr/local/arm-gnu-toolchain-14.3.rel1-darwin-arm64-arm-none-eabi/bin/../lib/gcc/arm-none-eabi/14.3.1/../../../../arm-none-eabi/lib/thumb/v7e-m+fp/hard/libc.a(libc_a-readr.o)
 .ARM.attributes
                0x00000a4d       0x34 /usr/local/arm-gnu-toolchain-14.3.rel1-darwin-arm64-arm-none-eabi/bin/../lib/gcc/arm-none-eabi/14.3.1/../../../../arm-none-eabi/lib/thumb/v7e-m+fp/hard/libc.a(libc_a-sbrkr.o)
 .ARM.attributes
                0x00000a81       0x34 /usr/local/arm-gnu-toolchain-14.3.rel1-darwin-arm64-arm-none-eabi/bin/../lib/gcc/arm-none-eabi/14.3.1/../../../../arm-none-eabi/lib/thumb/v7e-m+fp/hard/libc.a(libc_a-writer.o)
 .ARM.attributes
                0x00000ab5       0x34 /usr/local/arm-gnu-toolchain-14.3.rel1-darwin-arm64-arm-none-eabi/bin/../lib/gcc/arm-none-eabi/14.3.1/../../../../arm-none-eabi/lib/thumb/v7e-m+fp/hard/libc.a(libc_a-sysconf.o)
 .ARM.attributes
                0x00000ae9       0x20 /usr/local/arm-gnu-toolchain-14.3.rel1-darwin-arm64-arm-none-eabi/bin/../lib/gcc/arm-none-eabi/14.3.1/../../../../arm-none-eabi/lib/thumb/v7e-m+fp/hard/libc.a(libc_a-memcpy.o)
 .ARM.attributes
                0x00000b09       0x34 /usr/local/arm-gnu-toolchain-14.3.rel1-darwin-arm64-arm-none-eabi/bin/../lib/gcc/arm-none-eabi/14.3.1/../../../../arm-none-eabi/lib/thumb/v7e-m+fp/hard/libc.a(libc_a-wcsnrtombs.o)
 .ARM.attributes
                0x00000b3d       0x34 /usr/local/arm-gnu-toolchain-14.3.rel1-darwin-arm64-arm-none-eabi/bin/../lib/gcc/arm-none-eabi/14.3.1/../../../../arm-none-eabi/lib/thumb/v7e-m+fp/hard/libc.a(libc_a-assert.o)
 .ARM.attributes
                0x00000b71       0x34 /usr/local/arm-gnu-toolchain-14.3.rel1-darwin-arm64-arm-none-eabi/bin/../lib/gcc/arm-none-eabi/14.3.1/../../../../arm-none-eabi/lib/thumb/v7e-m+fp/hard/libc.a(libc_a-callocr.o)
 .ARM.attributes
                0x00000ba5       0x34 /usr/local/arm-gnu-toolchain-14.3.rel1-darwin-arm64-arm-none-eabi/bin/../lib/gcc/arm-none-eabi/14.3.1/../../../../arm-none-eabi/lib/thumb/v7e-m+fp/hard/libc.a(libc_a-fiprintf.o)
 .ARM.attributes
                0x00000bd9       0x34 /usr/local/arm-gnu-toolchain-14.3.rel1-darwin-arm64-arm-none-eabi/bin/../lib/gcc/arm-none-eabi/14.3.1/../../../../arm-none-eabi/lib/thumb/v7e-m+fp/hard/libc.a(libc_a-vfiprintf.o)
 .ARM.attributes
                0x00000c0d       0x34 /usr/local/arm-gnu-toolchain-14.3.rel1-darwin-arm64-arm-none-eabi/bin/../lib/gcc/arm-none-eabi/14.3.1/../../../../arm-none-eabi/lib/thumb/v7e-m+fp/hard/libc.a(libc_a-reallocr.o)
 .ARM.attributes
                0x00000c41       0x34 /usr/local/arm-gnu-toolchain-14.3.rel1-darwin-arm64-arm-none-eabi/bin/../lib/gcc/arm-none-eabi/14.3.1/../../../../arm-none-eabi/lib/thumb/v7e-m+fp/hard/libc.a(libc_a-sprint_r.o)
 .ARM.attributes
                0x00000c75       0x34 /usr/local/arm-gnu-toolchain-14.3.rel1-darwin-arm64-arm-none-eabi/bin/../lib/gcc/arm-none-eabi/14.3.1/../../../../arm-none-eabi/lib/thumb/v7e-m+fp/hard/libc.a(libc_a-abort.o)
 .ARM.attributes
                0x00000ca9       0x34 /usr/local/arm-gnu-toolchain-14.3.rel1-darwin-arm64-arm-none-eabi/bin/../lib/gcc/arm-none-eabi/14.3.1/../../../../arm-none-eabi/lib/thumb/v7e-m+fp/hard/libc.a(libc_a-fvwrite.o)
 .ARM.attributes
                0x00000cdd       0x34 /usr/local/arm-gnu-toolchain-14.3.rel1-darwin-arm64-arm-none-eabi/bin/../lib/gcc/arm-none-eabi/14.3.1/../../../../arm-none-eabi/lib/thumb/v7e-m+fp/hard/libc.a(libc_a-signal.o)
 .ARM.attributes
                0x00000d11       0x34 /usr/local/arm-gnu-toolchain-14.3.rel1-darwin-arm64-arm-none-eabi/bin/../lib/gcc/arm-none-eabi/14.3.1/../../../../arm-none-eabi/lib/thumb/v7e-m+fp/hard/libc.a(libc_a-signalr.o)
 .ARM.attributes
                0x00000d45       0x22 /usr/local/arm-gnu-toolchain-14.3.rel1-darwin-arm64-arm-none-eabi/bin/../lib/gcc/arm-none-eabi/14.3.1/thumb/v7e-m+fp/hard/libgcc.a(_arm_addsubdf3.o)
 .ARM.attributes
                0x00000d67       0x22 /usr/local/arm-gnu-toolchain-14.3.rel1-darwin-arm64-arm-none-eabi/bin/../lib/gcc/arm-none-eabi/14.3.1/thumb/v7e-m+fp/hard/libgcc.a(_arm_muldivdf3.o)
 .ARM.attributes
                0x00000d89       0x22 /usr/local/arm-gnu-toolchain-14.3.rel1-darwin-arm64-arm-none-eabi/bin/../lib/gcc/arm-none-eabi/14.3.1/thumb/v7e-m+fp/hard/libgcc.a(_arm_cmpdf2.o)
 .ARM.attributes
                0x00000dab       0x22 /usr/local/arm-gnu-toolchain-14.3.rel1-darwin-arm64-arm-none-eabi/bin/../lib/gcc/arm-none-eabi/14.3.1/thumb/v7e-m+fp/hard/libgcc.a(_arm_unorddf2.o)
 .ARM.attributes
                0x00000dcd       0x22 /usr/local/arm-gnu-toolchain-14.3.rel1-darwin-arm64-arm-none-eabi/bin/../lib/gcc/arm-none-eabi/14.3.1/thumb/v7e-m+fp/hard/libgcc.a(_arm_fixdfsi.o)
OUTPUT(Firmware/build/firmware.elf elf32-littlearm)
LOAD linker stubs
LOAD /usr/local/arm-gnu-toolchain-14.3.rel1-darwin-arm64-arm-none-eabi/bin/../lib/gcc/arm-none-eabi/14.3.1/../../../../arm-none-eabi/lib/thumb/v7e-m+fp/hard/libc.a
LOAD /usr/local/arm-gnu-toolchain-14.3.rel1-darwin-arm64-arm-none-eabi/bin/../lib/gcc/arm-none-eabi/14.3.1/../../../../arm-none-eabi/lib/thumb/v7e-m+fp/hard/libm.a
LOAD /usr/local/arm-gnu-toolchain-14.3.rel1-darwin-arm64-arm-none-eabi/bin/../lib/gcc/arm-none-eabi/14.3.1/thumb/v7e-m+fp/hard/libgcc.a

.debug_info     0x00000000     0x36ec
 .debug_info    0x00000000      0xf80 Firmware/build/Firmware/Core/Src/main.o
 .debug_info    0x00000f80      0x3e8 Firmware/build/Firmware/Core/Src/gpio.o
 .debug_info    0x00001368      0xa50 Firmware/build/Firmware/Core/Src/usart.o
 .debug_info    0x00001db8      0x323 Firmware/build/Firmware/Core/Src/pins.o
 .debug_info    0x000020db      0x559 Firmware/build/Firmware/Core/Src/syscalls.o
 .debug_info    0x00002634      0x27a Firmware/build/Firmware/Core/Src/utils.o
 .debug_info    0x000028ae      0x439 Firmware/build/Firmware/Core/Src/tim.o
 .debug_info    0x00002ce7      0x4b1 Firmware/build/Firmware/Core/Src/hcsr04.o
 .debug_info    0x00003198      0x554 Firmware/build/Firmware/Drivers/CMSIS/Device/ST/STM32F4xx/Source/Templates/system_stm32f4xx.o

.debug_abbrev   0x00000000     0x1036
 .debug_abbrev  0x00000000      0x388 Firmware/build/Firmware/Core/Src/main.o
 .debug_abbrev  0x00000388      0x19f Firmware/build/Firmware/Core/Src/gpio.o
 .debug_abbrev  0x00000527      0x2bb Firmware/build/Firmware/Core/Src/usart.o
 .debug_abbrev  0x000007e2       0xf7 Firmware/build/Firmware/Core/Src/pins.o
 .debug_abbrev  0x000008d9      0x1e2 Firmware/build/Firmware/Core/Src/syscalls.o
 .debug_abbrev  0x00000abb      0x145 Firmware/build/Firmware/Core/Src/utils.o
 .debug_abbrev  0x00000c00      0x169 Firmware/build/Firmware/Core/Src/tim.o
 .debug_abbrev  0x00000d69      0x18e Firmware/build/Firmware/Core/Src/hcsr04.o
 .debug_abbrev  0x00000ef7      0x13f Firmware/build/Firmware/Drivers/CMSIS/Device/ST/STM32F4xx/Source/Templates/system_stm32f4xx.o

.debug_loclists
                0x00000000      0x520
 .debug_loclists
                0x00000000       0xf8 Firmware/build/Firmware/Core/Src/main.o
 .debug_loclists
                0x000000f8       0x82 Firmware/build/Firmware/Core/Src/gpio.o
 .debug_loclists
                0x0000017a       0xd3 Firmware/build/Firmware/Core/Src/usart.o
 .debug_loclists
                0x0000024d      0x171 Firmware/build/Firmware/Core/Src/syscalls.o
 .debug_loclists
                0x000003be       0x54 Firmware/build/Firmware/Core/Src/utils.o
 .debug_loclists
                0x00000412       0x57 Firmware/build/Firmware/Core/Src/tim.o
 .debug_loclists
                0x00000469       0x43 Firmware/build/Firmware/Core/Src/hcsr04.o
 .debug_loclists
                0x000004ac       0x74 Firmware/build/Firmware/Drivers/CMSIS/Device/ST/STM32F4xx/Source/Templates/system_stm32f4xx.o

.debug_aranges  0x00000000      0x218
 .debug_aranges
                0x00000000       0x50 Firmware/build/Firmware/Core/Src/main.o
 .debug_aranges
                0x00000050       0x50 Firmware/build/Firmware/Core/Src/gpio.o
 .debug_aranges
                0x000000a0       0x48 Firmware/build/Firmware/Core/Src/usart.o
 .debug_aranges
                0x000000e8       0x18 Firmware/build/Firmware/Core/Src/pins.o
 .debug_aranges
                0x00000100       0x78 Firmware/build/Firmware/Core/Src/syscalls.o
 .debug_aranges
                0x00000178       0x28 Firmware/build/Firmware/Core/Src/utils.o
 .debug_aranges
                0x000001a0       0x30 Firmware/build/Firmware/Core/Src/tim.o
 .debug_aranges
                0x000001d0       0x20 Firmware/build/Firmware/Core/Src/hcsr04.o
 .debug_aranges
                0x000001f0       0x28 Firmware/build/Firmware/Drivers/CMSIS/Device/ST/STM32F4xx/Source/Templates/system_stm32f4xx.o

.debug_rnglists
                0x00000000      0x1c9
 .debug_rnglists
                0x00000000       0x6f Firmware/build/Firmware/Core/Src/main.o
 .debug_rnglists
                0x0000006f       0x46 Firmware/build/Firmware/Core/Src/gpio.o
 .debug_rnglists
                0x000000b5       0x3f Firmware/build/Firmware/Core/Src/usart.o
 .debug_rnglists
                0x000000f4       0x64 Firmware/build/Firmware/Core/Src/syscalls.o
 .debug_rnglists
                0x00000158       0x19 Firmware/build/Firmware/Core/Src/utils.o
 .debug_rnglists
                0x00000171       0x2b Firmware/build/Firmware/Core/Src/tim.o
 .debug_rnglists
                0x0000019c       0x14 Firmware/build/Firmware/Core/Src/hcsr04.o
 .debug_rnglists
                0x000001b0       0x19 Firmware/build/Firmware/Drivers/CMSIS/Device/ST/STM32F4xx/Source/Templates/system_stm32f4xx.o

.debug_macro    0x00000000    0x1a772
 .debug_macro   0x00000000      0x226 Firmware/build/Firmware/Core/Src/main.o
 .debug_macro   0x00000226      0xad2 Firmware/build/Firmware/Core/Src/main.o
 .debug_macro   0x00000cf8       0x2e Firmware/build/Firmware/Core/Src/main.o
 .debug_macro   0x00000d26       0x2f Firmware/build/Firmware/Core/Src/main.o
 .debug_macro   0x00000d55       0x22 Firmware/build/Firmware/Core/Src/main.o
 .debug_macro   0x00000d77       0x8e Firmware/build/Firmware/Core/Src/main.o
 .debug_macro   0x00000e05       0x51 Firmware/build/Firmware/Core/Src/main.o
 .debug_macro   0x00000e56      0x103 Firmware/build/Firmware/Core/Src/main.o
 .debug_macro   0x00000f59       0x6a Firmware/build/Firmware/Core/Src/main.o
 .debug_macro   0x00000fc3      0x1df Firmware/build/Firmware/Core/Src/main.o
 .debug_macro   0x000011a2       0x2e Firmware/build/Firmware/Core/Src/main.o
 .debug_macro   0x000011d0       0x10 Firmware/build/Firmware/Core/Src/main.o
 .debug_macro   0x000011e0       0x58 Firmware/build/Firmware/Core/Src/main.o
 .debug_macro   0x00001238      0x26d Firmware/build/Firmware/Core/Src/main.o
 .debug_macro   0x000014a5       0x28 Firmware/build/Firmware/Core/Src/main.o
 .debug_macro   0x000014cd     0x11ae Firmware/build/Firmware/Core/Src/main.o
 .debug_macro   0x0000267b      0x11f Firmware/build/Firmware/Core/Src/main.o
 .debug_macro   0x0000279a    0x15ea5 Firmware/build/Firmware/Core/Src/main.o
 .debug_macro   0x0001863f       0x6d Firmware/build/Firmware/Core/Src/main.o
 .debug_macro   0x000186ac       0x22 Firmware/build/Firmware/Core/Src/main.o
 .debug_macro   0x000186ce       0x16 Firmware/build/Firmware/Core/Src/main.o
 .debug_macro   0x000186e4       0x10 Firmware/build/Firmware/Core/Src/main.o
 .debug_macro   0x000186f4       0x7b Firmware/build/Firmware/Core/Src/main.o
 .debug_macro   0x0001876f       0x2a Firmware/build/Firmware/Core/Src/main.o
 .debug_macro   0x00018799       0x3c Firmware/build/Firmware/Core/Src/main.o
 .debug_macro   0x000187d5       0x34 Firmware/build/Firmware/Core/Src/main.o
 .debug_macro   0x00018809       0x16 Firmware/build/Firmware/Core/Src/main.o
 .debug_macro   0x0001881f       0x9e Firmware/build/Firmware/Core/Src/main.o
 .debug_macro   0x000188bd      0x364 Firmware/build/Firmware/Core/Src/main.o
 .debug_macro   0x00018c21      0x112 Firmware/build/Firmware/Core/Src/main.o
 .debug_macro   0x00018d33       0x10 Firmware/build/Firmware/Core/Src/main.o
 .debug_macro   0x00018d43       0x16 Firmware/build/Firmware/Core/Src/main.o
 .debug_macro   0x00018d59       0x4a Firmware/build/Firmware/Core/Src/main.o
 .debug_macro   0x00018da3       0x34 Firmware/build/Firmware/Core/Src/main.o
 .debug_macro   0x00018dd7       0x10 Firmware/build/Firmware/Core/Src/main.o
 .debug_macro   0x00018de7       0x58 Firmware/build/Firmware/Core/Src/main.o
 .debug_macro   0x00018e3f      0x1e5 Firmware/build/Firmware/Core/Src/main.o
 .debug_macro   0x00019024       0x16 Firmware/build/Firmware/Core/Src/main.o
 .debug_macro   0x0001903a       0x16 Firmware/build/Firmware/Core/Src/main.o
 .debug_macro   0x00019050      0x170 Firmware/build/Firmware/Core/Src/main.o
 .debug_macro   0x000191c0       0xf9 Firmware/build/Firmware/Core/Src/gpio.o
 .debug_macro   0x000192b9      0x110 Firmware/build/Firmware/Core/Src/usart.o
 .debug_macro   0x000193c9      0x107 Firmware/build/Firmware/Core/Src/pins.o
 .debug_macro   0x000194d0      0x2fb Firmware/build/Firmware/Core/Src/syscalls.o
 .debug_macro   0x000197cb       0x10 Firmware/build/Firmware/Core/Src/syscalls.o
 .debug_macro   0x000197db      0x242 Firmware/build/Firmware/Core/Src/syscalls.o
 .debug_macro   0x00019a1d       0x16 Firmware/build/Firmware/Core/Src/syscalls.o
 .debug_macro   0x00019a33       0x3c Firmware/build/Firmware/Core/Src/syscalls.o
 .debug_macro   0x00019a6f       0x10 Firmware/build/Firmware/Core/Src/syscalls.o
 .debug_macro   0x00019a7f       0x10 Firmware/build/Firmware/Core/Src/syscalls.o
 .debug_macro   0x00019a8f       0x10 Firmware/build/Firmware/Core/Src/syscalls.o
 .debug_macro   0x00019a9f       0x1c Firmware/build/Firmware/Core/Src/syscalls.o
 .debug_macro   0x00019abb       0x52 Firmware/build/Firmware/Core/Src/syscalls.o
 .debug_macro   0x00019b0d       0x22 Firmware/build/Firmware/Core/Src/syscalls.o
 .debug_macro   0x00019b2f       0x10 Firmware/build/Firmware/Core/Src/syscalls.o
 .debug_macro   0x00019b3f       0x52 Firmware/build/Firmware/Core/Src/syscalls.o
 .debug_macro   0x00019b91       0xc1 Firmware/build/Firmware/Core/Src/syscalls.o
 .debug_macro   0x00019c52       0x1c Firmware/build/Firmware/Core/Src/syscalls.o
 .debug_macro   0x00019c6e       0x3d Firmware/build/Firmware/Core/Src/syscalls.o
 .debug_macro   0x00019cab       0x35 Firmware/build/Firmware/Core/Src/syscalls.o
 .debug_macro   0x00019ce0      0x12c Firmware/build/Firmware/Core/Src/syscalls.o
 .debug_macro   0x00019e0c       0x16 Firmware/build/Firmware/Core/Src/syscalls.o
 .debug_macro   0x00019e22      0x52f Firmware/build/Firmware/Core/Src/syscalls.o
 .debug_macro   0x0001a351      0x11b Firmware/build/Firmware/Core/Src/utils.o
 .debug_macro   0x0001a46c       0xeb Firmware/build/Firmware/Core/Src/tim.o
 .debug_macro   0x0001a557      0x128 Firmware/build/Firmware/Core/Src/hcsr04.o
 .debug_macro   0x0001a67f       0xf3 Firmware/build/Firmware/Drivers/CMSIS/Device/ST/STM32F4xx/Source/Templates/system_stm32f4xx.o

.debug_line     0x00000000     0x307c
 .debug_line    0x00000000      0x8cd Firmware/build/Firmware/Core/Src/main.o
 .debug_line    0x000008cd      0x4f0 Firmware/build/Firmware/Core/Src/gpio.o
 .debug_line    0x00000dbd      0x66d Firmware/build/Firmware/Core/Src/usart.o
 .debug_line    0x0000142a      0x394 Firmware/build/Firmware/Core/Src/pins.o
 .debug_line    0x000017be      0x6d0 Firmware/build/Firmware/Core/Src/syscalls.o
 .debug_line    0x00001e8e      0x42b Firmware/build/Firmware/Core/Src/utils.o
 .debug_line    0x000022b9      0x45b Firmware/build/Firmware/Core/Src/tim.o
 .debug_line    0x00002714      0x51d Firmware/build/Firmware/Core/Src/hcsr04.o
 .debug_line    0x00002c31      0x44b Firmware/build/Firmware/Drivers/CMSIS/Device/ST/STM32F4xx/Source/Templates/system_stm32f4xx.o

.debug_str      0x00000000    0x8f9dd
 .debug_str     0x00000000    0x8f9dd Firmware/build/Firmware/Core/Src/main.o
                              0x8d4c9 (size before relaxing)
 .debug_str     0x0008f9dd    0x89784 Firmware/build/Firmware/Core/Src/gpio.o
 .debug_str     0x0008f9dd    0x89d91 Firmware/build/Firmware/Core/Src/usart.o
 .debug_str     0x0008f9dd    0x896b3 Firmware/build/Firmware/Core/Src/pins.o
 .debug_str     0x0008f9dd    0x8f051 Firmware/build/Firmware/Core/Src/syscalls.o
 .debug_str     0x0008f9dd    0x89666 Firmware/build/Firmware/Core/Src/utils.o
 .debug_str     0x0008f9dd    0x88fec Firmware/build/Firmware/Core/Src/tim.o
 .debug_str     0x0008f9dd    0x8972e Firmware/build/Firmware/Core/Src/hcsr04.o
 .debug_str     0x0008f9dd    0x897b1 Firmware/build/Firmware/Drivers/CMSIS/Device/ST/STM32F4xx/Source/Templates/system_stm32f4xx.o

.comment        0x00000000       0x46
 .comment       0x00000000       0x46 Firmware/build/Firmware/Core/Src/main.o
                                 0x47 (size before relaxing)
 .comment       0x00000046       0x47 Firmware/build/Firmware/Core/Src/gpio.o
 .comment       0x00000046       0x47 Firmware/build/Firmware/Core/Src/usart.o
 .comment       0x00000046       0x47 Firmware/build/Firmware/Core/Src/pins.o
 .comment       0x00000046       0x47 Firmware/build/Firmware/Core/Src/syscalls.o
 .comment       0x00000046       0x47 Firmware/build/Firmware/Core/Src/utils.o
 .comment       0x00000046       0x47 Firmware/build/Firmware/Core/Src/tim.o
 .comment       0x00000046       0x47 Firmware/build/Firmware/Core/Src/hcsr04.o
 .comment       0x00000046       0x47 Firmware/build/Firmware/Drivers/CMSIS/Device/ST/STM32F4xx/Source/Templates/system_stm32f4xx.o

.debug_frame    0x00000000     0x1ae4
 .debug_frame   0x00000000       0xa4 Firmware/build/Firmware/Core/Src/main.o
 .debug_frame   0x000000a4       0xa0 Firmware/build/Firmware/Core/Src/gpio.o
 .debug_frame   0x00000144       0xa4 Firmware/build/Firmware/Core/Src/usart.o
 .debug_frame   0x000001e8       0xe4 Firmware/build/Firmware/Core/Src/syscalls.o
 .debug_frame   0x000002cc       0x4c Firmware/build/Firmware/Core/Src/utils.o
 .debug_frame   0x00000318       0x40 Firmware/build/Firmware/Core/Src/tim.o
 .debug_frame   0x00000358       0x30 Firmware/build/Firmware/Core/Src/hcsr04.o
 .debug_frame   0x00000388       0x30 Firmware/build/Firmware/Drivers/CMSIS/Device/ST/STM32F4xx/Source/Templates/system_stm32f4xx.o
 .debug_frame   0x000003b8       0x30 /usr/local/arm-gnu-toolchain-14.3.rel1-darwin-arm64-arm-none-eabi/bin/../lib/gcc/arm-none-eabi/14.3.1/../../../../arm-none-eabi/lib/thumb/v7e-m+fp/hard/libc.a(libc_a-putchar.o)
 .debug_frame   0x000003e8       0x94 /usr/local/arm-gnu-toolchain-14.3.rel1-darwin-arm64-arm-none-eabi/bin/../lib/gcc/arm-none-eabi/14.3.1/../../../../arm-none-eabi/lib/thumb/v7e-m+fp/hard/libc.a(libc_a-snprintf.o)
 .debug_frame   0x0000047c       0x20 /usr/local/arm-gnu-toolchain-14.3.rel1-darwin-arm64-arm-none-eabi/bin/../lib/gcc/arm-none-eabi/14.3.1/../../../../arm-none-eabi/lib/thumb/v7e-m+fp/hard/libc.a(libc_a-errno.o)
 .debug_frame   0x0000049c       0x2c /usr/local/arm-gnu-toolchain-14.3.rel1-darwin-arm64-arm-none-eabi/bin/../lib/gcc/arm-none-eabi/14.3.1/../../../../arm-none-eabi/lib/thumb/v7e-m+fp/hard/libc.a(libc_a-init.o)
 .debug_frame   0x000004c8       0x40 /usr/local/arm-gnu-toolchain-14.3.rel1-darwin-arm64-arm-none-eabi/bin/../lib/gcc/arm-none-eabi/14.3.1/../../../../arm-none-eabi/lib/thumb/v7e-m+fp/hard/libc.a(libc_a-svfprintf.o)
 .debug_frame   0x00000508       0x48 /usr/local/arm-gnu-toolchain-14.3.rel1-darwin-arm64-arm-none-eabi/bin/../lib/gcc/arm-none-eabi/14.3.1/../../../../arm-none-eabi/lib/thumb/v7e-m+fp/hard/libc.a(libc_a-putc.o)
 .debug_frame   0x00000550       0x34 /usr/local/arm-gnu-toolchain-14.3.rel1-darwin-arm64-arm-none-eabi/bin/../lib/gcc/arm-none-eabi/14.3.1/../../../../arm-none-eabi/lib/thumb/v7e-m+fp/hard/libc.a(libc_a-ssprint_r.o)
 .debug_frame   0x00000584      0x13c /usr/local/arm-gnu-toolchain-14.3.rel1-darwin-arm64-arm-none-eabi/bin/../lib/gcc/arm-none-eabi/14.3.1/../../../../arm-none-eabi/lib/thumb/v7e-m+fp/hard/libc.a(libc_a-findfp.o)
 .debug_frame   0x000006c0       0x4c /usr/local/arm-gnu-toolchain-14.3.rel1-darwin-arm64-arm-none-eabi/bin/../lib/gcc/arm-none-eabi/14.3.1/../../../../arm-none-eabi/lib/thumb/v7e-m+fp/hard/libc.a(libc_a-wbuf.o)
 .debug_frame   0x0000070c       0x2c /usr/local/arm-gnu-toolchain-14.3.rel1-darwin-arm64-arm-none-eabi/bin/../lib/gcc/arm-none-eabi/14.3.1/../../../../arm-none-eabi/lib/thumb/v7e-m+fp/hard/libc.a(libc_a-wsetup.o)
 .debug_frame   0x00000738       0x2c /usr/local/arm-gnu-toolchain-14.3.rel1-darwin-arm64-arm-none-eabi/bin/../lib/gcc/arm-none-eabi/14.3.1/../../../../arm-none-eabi/lib/thumb/v7e-m+fp/hard/libc.a(libc_a-memset.o)
 .debug_frame   0x00000764       0x28 /usr/local/arm-gnu-toolchain-14.3.rel1-darwin-arm64-arm-none-eabi/bin/../lib/gcc/arm-none-eabi/14.3.1/../../../../arm-none-eabi/lib/thumb/v7e-m+fp/hard/libc.a(libc_a-strncpy.o)
 .debug_frame   0x0000078c       0xec /usr/local/arm-gnu-toolchain-14.3.rel1-darwin-arm64-arm-none-eabi/bin/../lib/gcc/arm-none-eabi/14.3.1/../../../../arm-none-eabi/lib/thumb/v7e-m+fp/hard/libc.a(libc_a-locale.o)
 .debug_frame   0x00000878       0x40 /usr/local/arm-gnu-toolchain-14.3.rel1-darwin-arm64-arm-none-eabi/bin/../lib/gcc/arm-none-eabi/14.3.1/../../../../arm-none-eabi/lib/thumb/v7e-m+fp/hard/libc.a(libc_a-localeconv.o)
 .debug_frame   0x000008b8       0xb0 /usr/local/arm-gnu-toolchain-14.3.rel1-darwin-arm64-arm-none-eabi/bin/../lib/gcc/arm-none-eabi/14.3.1/../../../../arm-none-eabi/lib/thumb/v7e-m+fp/hard/libc.a(libc_a-lock.o)
 .debug_frame   0x00000968       0x4c /usr/local/arm-gnu-toolchain-14.3.rel1-darwin-arm64-arm-none-eabi/bin/../lib/gcc/arm-none-eabi/14.3.1/../../../../arm-none-eabi/lib/thumb/v7e-m+fp/hard/libc.a(libc_a-memchr.o)
 .debug_frame   0x000009b4       0x30 /usr/local/arm-gnu-toolchain-14.3.rel1-darwin-arm64-arm-none-eabi/bin/../lib/gcc/arm-none-eabi/14.3.1/../../../../arm-none-eabi/lib/thumb/v7e-m+fp/hard/libc.a(libc_a-strlen.o)
 .debug_frame   0x000009e4       0x60 /usr/local/arm-gnu-toolchain-14.3.rel1-darwin-arm64-arm-none-eabi/bin/../lib/gcc/arm-none-eabi/14.3.1/../../../../arm-none-eabi/lib/thumb/v7e-m+fp/hard/libc.a(libc_a-wcrtomb.o)
 .debug_frame   0x00000a44       0x50 /usr/local/arm-gnu-toolchain-14.3.rel1-darwin-arm64-arm-none-eabi/bin/../lib/gcc/arm-none-eabi/14.3.1/../../../../arm-none-eabi/lib/thumb/v7e-m+fp/hard/libc.a(libc_a-wcsrtombs.o)
 .debug_frame   0x00000a94       0x20 /usr/local/arm-gnu-toolchain-14.3.rel1-darwin-arm64-arm-none-eabi/bin/../lib/gcc/arm-none-eabi/14.3.1/../../../../arm-none-eabi/lib/thumb/v7e-m+fp/hard/libc.a(libc_a-ctype_.o)
 .debug_frame   0x00000ab4       0x2c /usr/local/arm-gnu-toolchain-14.3.rel1-darwin-arm64-arm-none-eabi/bin/../lib/gcc/arm-none-eabi/14.3.1/../../../../arm-none-eabi/lib/thumb/v7e-m+fp/hard/libc.a(libm_a-s_frexp.o)
 .debug_frame   0x00000ae0       0x84 /usr/local/arm-gnu-toolchain-14.3.rel1-darwin-arm64-arm-none-eabi/bin/../lib/gcc/arm-none-eabi/14.3.1/../../../../arm-none-eabi/lib/thumb/v7e-m+fp/hard/libc.a(libc_a-dtoa.o)
 .debug_frame   0x00000b64       0x84 /usr/local/arm-gnu-toolchain-14.3.rel1-darwin-arm64-arm-none-eabi/bin/../lib/gcc/arm-none-eabi/14.3.1/../../../../arm-none-eabi/lib/thumb/v7e-m+fp/hard/libc.a(libc_a-freer.o)
 .debug_frame   0x00000be8       0x4c /usr/local/arm-gnu-toolchain-14.3.rel1-darwin-arm64-arm-none-eabi/bin/../lib/gcc/arm-none-eabi/14.3.1/../../../../arm-none-eabi/lib/thumb/v7e-m+fp/hard/libc.a(libc_a-mallocr.o)
 .debug_frame   0x00000c34      0x130 /usr/local/arm-gnu-toolchain-14.3.rel1-darwin-arm64-arm-none-eabi/bin/../lib/gcc/arm-none-eabi/14.3.1/../../../../arm-none-eabi/lib/thumb/v7e-m+fp/hard/libc.a(libc_a-mbtowc_r.o)
 .debug_frame   0x00000d64       0x30 /usr/local/arm-gnu-toolchain-14.3.rel1-darwin-arm64-arm-none-eabi/bin/../lib/gcc/arm-none-eabi/14.3.1/../../../../arm-none-eabi/lib/thumb/v7e-m+fp/hard/libc.a(libc_a-mlock.o)
 .debug_frame   0x00000d94       0x34 /usr/local/arm-gnu-toolchain-14.3.rel1-darwin-arm64-arm-none-eabi/bin/../lib/gcc/arm-none-eabi/14.3.1/../../../../arm-none-eabi/lib/thumb/v7e-m+fp/hard/libc.a(libc_a-fwalk.o)
 .debug_frame   0x00000dc8      0x288 /usr/local/arm-gnu-toolchain-14.3.rel1-darwin-arm64-arm-none-eabi/bin/../lib/gcc/arm-none-eabi/14.3.1/../../../../arm-none-eabi/lib/thumb/v7e-m+fp/hard/libc.a(libc_a-mprec.o)
 .debug_frame   0x00001050       0x6c /usr/local/arm-gnu-toolchain-14.3.rel1-darwin-arm64-arm-none-eabi/bin/../lib/gcc/arm-none-eabi/14.3.1/../../../../arm-none-eabi/lib/thumb/v7e-m+fp/hard/libc.a(libc_a-makebuf.o)
 .debug_frame   0x000010bc       0x34 /usr/local/arm-gnu-toolchain-14.3.rel1-darwin-arm64-arm-none-eabi/bin/../lib/gcc/arm-none-eabi/14.3.1/../../../../arm-none-eabi/lib/thumb/v7e-m+fp/hard/libc.a(libc_a-ssputs_r.o)
 .debug_frame   0x000010f0       0x8c /usr/local/arm-gnu-toolchain-14.3.rel1-darwin-arm64-arm-none-eabi/bin/../lib/gcc/arm-none-eabi/14.3.1/../../../../arm-none-eabi/lib/thumb/v7e-m+fp/hard/libc.a(libc_a-wctomb_r.o)
 .debug_frame   0x0000117c       0x3c /usr/local/arm-gnu-toolchain-14.3.rel1-darwin-arm64-arm-none-eabi/bin/../lib/gcc/arm-none-eabi/14.3.1/../../../../arm-none-eabi/lib/thumb/v7e-m+fp/hard/libc.a(libc_a-fclose.o)
 .debug_frame   0x000011b8       0x70 /usr/local/arm-gnu-toolchain-14.3.rel1-darwin-arm64-arm-none-eabi/bin/../lib/gcc/arm-none-eabi/14.3.1/../../../../arm-none-eabi/lib/thumb/v7e-m+fp/hard/libc.a(libc_a-fflush.o)
 .debug_frame   0x00001228       0x8c /usr/local/arm-gnu-toolchain-14.3.rel1-darwin-arm64-arm-none-eabi/bin/../lib/gcc/arm-none-eabi/14.3.1/../../../../arm-none-eabi/lib/thumb/v7e-m+fp/hard/libc.a(libc_a-stdio.o)
 .debug_frame   0x000012b4       0x30 /usr/local/arm-gnu-toolchain-14.3.rel1-darwin-arm64-arm-none-eabi/bin/../lib/gcc/arm-none-eabi/14.3.1/../../../../arm-none-eabi/lib/thumb/v7e-m+fp/hard/libc.a(libc_a-memmove.o)
 .debug_frame   0x000012e4       0x2c /usr/local/arm-gnu-toolchain-14.3.rel1-darwin-arm64-arm-none-eabi/bin/../lib/gcc/arm-none-eabi/14.3.1/../../../../arm-none-eabi/lib/thumb/v7e-m+fp/hard/libc.a(libc_a-closer.o)
 .debug_frame   0x00001310       0x3c /usr/local/arm-gnu-toolchain-14.3.rel1-darwin-arm64-arm-none-eabi/bin/../lib/gcc/arm-none-eabi/14.3.1/../../../../arm-none-eabi/lib/thumb/v7e-m+fp/hard/libc.a(libc_a-reent.o)
 .debug_frame   0x0000134c       0x2c /usr/local/arm-gnu-toolchain-14.3.rel1-darwin-arm64-arm-none-eabi/bin/../lib/gcc/arm-none-eabi/14.3.1/../../../../arm-none-eabi/lib/thumb/v7e-m+fp/hard/libc.a(libc_a-fstatr.o)
 .debug_frame   0x00001378       0x2c /usr/local/arm-gnu-toolchain-14.3.rel1-darwin-arm64-arm-none-eabi/bin/../lib/gcc/arm-none-eabi/14.3.1/../../../../arm-none-eabi/lib/thumb/v7e-m+fp/hard/libc.a(libc_a-isattyr.o)
 .debug_frame   0x000013a4       0x2c /usr/local/arm-gnu-toolchain-14.3.rel1-darwin-arm64-arm-none-eabi/bin/../lib/gcc/arm-none-eabi/14.3.1/../../../../arm-none-eabi/lib/thumb/v7e-m+fp/hard/libc.a(libc_a-lseekr.o)
 .debug_frame   0x000013d0       0x2c /usr/local/arm-gnu-toolchain-14.3.rel1-darwin-arm64-arm-none-eabi/bin/../lib/gcc/arm-none-eabi/14.3.1/../../../../arm-none-eabi/lib/thumb/v7e-m+fp/hard/libc.a(libc_a-readr.o)
 .debug_frame   0x000013fc       0x2c /usr/local/arm-gnu-toolchain-14.3.rel1-darwin-arm64-arm-none-eabi/bin/../lib/gcc/arm-none-eabi/14.3.1/../../../../arm-none-eabi/lib/thumb/v7e-m+fp/hard/libc.a(libc_a-sbrkr.o)
 .debug_frame   0x00001428       0x2c /usr/local/arm-gnu-toolchain-14.3.rel1-darwin-arm64-arm-none-eabi/bin/../lib/gcc/arm-none-eabi/14.3.1/../../../../arm-none-eabi/lib/thumb/v7e-m+fp/hard/libc.a(libc_a-writer.o)
 .debug_frame   0x00001454       0x28 /usr/local/arm-gnu-toolchain-14.3.rel1-darwin-arm64-arm-none-eabi/bin/../lib/gcc/arm-none-eabi/14.3.1/../../../../arm-none-eabi/lib/thumb/v7e-m+fp/hard/libc.a(libc_a-sysconf.o)
 .debug_frame   0x0000147c       0x28 /usr/local/arm-gnu-toolchain-14.3.rel1-darwin-arm64-arm-none-eabi/bin/../lib/gcc/arm-none-eabi/14.3.1/../../../../arm-none-eabi/lib/thumb/v7e-m+fp/hard/libc.a(libc_a-memcpy.o)
 .debug_frame   0x000014a4       0x84 /usr/local/arm-gnu-toolchain-14.3.rel1-darwin-arm64-arm-none-eabi/bin/../lib/gcc/arm-none-eabi/14.3.1/../../../../arm-none-eabi/lib/thumb/v7e-m+fp/hard/libc.a(libc_a-wcsnrtombs.o)
 .debug_frame   0x00001528       0x40 /usr/local/arm-gnu-toolchain-14.3.rel1-darwin-arm64-arm-none-eabi/bin/../lib/gcc/arm-none-eabi/14.3.1/../../../../arm-none-eabi/lib/thumb/v7e-m+fp/hard/libc.a(libc_a-assert.o)
 .debug_frame   0x00001568       0x2c /usr/local/arm-gnu-toolchain-14.3.rel1-darwin-arm64-arm-none-eabi/bin/../lib/gcc/arm-none-eabi/14.3.1/../../../../arm-none-eabi/lib/thumb/v7e-m+fp/hard/libc.a(libc_a-callocr.o)